Component: ARM Compiler 5.06 update 6 (build 750) Tool: armlink [4d35ed]

==============================================================================

Section Cross References

    startup_stm32f429xx.o(RESET) refers to startup_stm32f429xx.o(STACK) for __initial_sp
    startup_stm32f429xx.o(RESET) refers to startup_stm32f429xx.o(.text) for Reset_Handler
    startup_stm32f429xx.o(RESET) refers to stm32f4xx_it.o(i.NMI_Handler) for NMI_Handler
    startup_stm32f429xx.o(RESET) refers to stm32f4xx_it.o(i.HardFault_Handler) for HardFault_Handler
    startup_stm32f429xx.o(RESET) refers to stm32f4xx_it.o(i.MemManage_Handler) for MemManage_Handler
    startup_stm32f429xx.o(RESET) refers to stm32f4xx_it.o(i.BusFault_Handler) for BusFault_Handler
    startup_stm32f429xx.o(RESET) refers to stm32f4xx_it.o(i.UsageFault_Handler) for UsageFault_Handler
    startup_stm32f429xx.o(RESET) refers to port.o(.emb_text) for SVC_Handler
    startup_stm32f429xx.o(RESET) refers to stm32f4xx_it.o(i.DebugMon_Handler) for DebugMon_Handler
    startup_stm32f429xx.o(RESET) refers to port.o(i.SysTick_Handler) for SysTick_Handler
    startup_stm32f429xx.o(RESET) refers to stm32f4xx_it.o(i.TIM1_UP_TIM10_IRQHandler) for TIM1_UP_TIM10_IRQHandler
    startup_stm32f429xx.o(RESET) refers to stm32f4xx_it.o(i.ETH_IRQHandler) for ETH_IRQHandler
    startup_stm32f429xx.o(.text) refers to system_stm32f4xx.o(i.SystemInit) for SystemInit
    startup_stm32f429xx.o(.text) refers to entry.o(.ARM.Collect$$$$00000000) for __main
    main.o(i.HAL_TIM_PeriodElapsedCallback) refers to stm32f4xx_hal.o(i.HAL_IncTick) for HAL_IncTick
    main.o(i.StartDefaultTask) refers to tcpip.o(i.tcpip_init) for tcpip_init
    main.o(i.StartDefaultTask) refers to netif.o(i.netif_add) for netif_add
    main.o(i.StartDefaultTask) refers to netif.o(i.netif_set_default) for netif_set_default
    main.o(i.StartDefaultTask) refers to netif.o(i.netif_set_up) for netif_set_up
    main.o(i.StartDefaultTask) refers to netif.o(i.netif_set_down) for netif_set_down
    main.o(i.StartDefaultTask) refers to httpserver-netconn.o(i.http_server_netconn_init) for http_server_netconn_init
    main.o(i.StartDefaultTask) refers to cmsis_os.o(i.osThreadTerminate) for osThreadTerminate
    main.o(i.StartDefaultTask) refers to tcpip.o(i.tcpip_input) for tcpip_input
    main.o(i.StartDefaultTask) refers to ethernetif.o(i.ethernetif_init) for ethernetif_init
    main.o(i.StartDefaultTask) refers to lwip.o(.bss) for gnetif
    main.o(i.SystemClock_Config) refers to memseta.o(.text) for __aeabi_memclr4
    main.o(i.SystemClock_Config) refers to stm32f4xx_hal_rcc.o(i.HAL_RCC_OscConfig) for HAL_RCC_OscConfig
    main.o(i.SystemClock_Config) refers to stm32f4xx_hal_pwr_ex.o(i.HAL_PWREx_EnableOverDrive) for HAL_PWREx_EnableOverDrive
    main.o(i.SystemClock_Config) refers to stm32f4xx_hal_rcc.o(i.HAL_RCC_ClockConfig) for HAL_RCC_ClockConfig
    main.o(i.main) refers to stm32f4xx_hal.o(i.HAL_Init) for HAL_Init
    main.o(i.main) refers to main.o(i.SystemClock_Config) for SystemClock_Config
    main.o(i.main) refers to main.o(i.MX_GPIO_Init) for MX_GPIO_Init
    main.o(i.main) refers to memcpya.o(.text) for __aeabi_memcpy4
    main.o(i.main) refers to cmsis_os.o(i.osThreadCreate) for osThreadCreate
    main.o(i.main) refers to cmsis_os.o(i.osKernelStart) for osKernelStart
    main.o(i.main) refers to main.o(.constdata) for .constdata
    main.o(i.main) refers to main.o(.data) for .data
    main.o(.constdata) refers to main.o(.conststring) for .conststring
    main.o(.constdata) refers to main.o(i.StartDefaultTask) for StartDefaultTask
    freertos.o(i.vApplicationGetIdleTaskMemory) refers to freertos.o(.bss) for .bss
    lwip.o(i.MX_LWIP_Init) refers to tcpip.o(i.tcpip_init) for tcpip_init
    lwip.o(i.MX_LWIP_Init) refers to netif.o(i.netif_add) for netif_add
    lwip.o(i.MX_LWIP_Init) refers to netif.o(i.netif_set_default) for netif_set_default
    lwip.o(i.MX_LWIP_Init) refers to netif.o(i.netif_set_up) for netif_set_up
    lwip.o(i.MX_LWIP_Init) refers to netif.o(i.netif_set_down) for netif_set_down
    lwip.o(i.MX_LWIP_Init) refers to lwip.o(.data) for .data
    lwip.o(i.MX_LWIP_Init) refers to tcpip.o(i.tcpip_input) for tcpip_input
    lwip.o(i.MX_LWIP_Init) refers to ethernetif.o(i.ethernetif_init) for ethernetif_init
    lwip.o(i.MX_LWIP_Init) refers to lwip.o(.bss) for .bss
    ethernetif.o(i.HAL_ETH_MspDeInit) refers to stm32f4xx_hal_gpio.o(i.HAL_GPIO_DeInit) for HAL_GPIO_DeInit
    ethernetif.o(i.HAL_ETH_MspDeInit) refers to stm32f4xx_hal_cortex.o(i.HAL_NVIC_DisableIRQ) for HAL_NVIC_DisableIRQ
    ethernetif.o(i.HAL_ETH_MspInit) refers to memseta.o(.text) for __aeabi_memclr4
    ethernetif.o(i.HAL_ETH_MspInit) refers to stm32f4xx_hal_gpio.o(i.HAL_GPIO_Init) for HAL_GPIO_Init
    ethernetif.o(i.HAL_ETH_MspInit) refers to stm32f4xx_hal_cortex.o(i.HAL_NVIC_SetPriority) for HAL_NVIC_SetPriority
[...]
    HAL_ETH_ReadPHYRegister                  0x08000ae5   Thumb Code   132  stm32f4xx_hal_eth.o(i.HAL_ETH_ReadPHYRegister)
    HAL_ETH_RxCpltCallback                   0x08000b69   Thumb Code     8  ethernetif.o(i.HAL_ETH_RxCpltCallback)
    HAL_ETH_Start                            0x08000b75   Thumb Code   132  stm32f4xx_hal_eth.o(i.HAL_ETH_Start)
    HAL_ETH_TransmitFrame                    0x08000bf9   Thumb Code   264  stm32f4xx_hal_eth.o(i.HAL_ETH_TransmitFrame)
    HAL_ETH_TxCpltCallback                   0x08000d01   Thumb Code     2  stm32f4xx_hal_eth.o(i.HAL_ETH_TxCpltCallback)
    HAL_ETH_WritePHYRegister                 0x08000d05   Thumb Code   120  stm32f4xx_hal_eth.o(i.HAL_ETH_WritePHYRegister)
    HAL_GPIO_Init                            0x08000d7d   Thumb Code   414  stm32f4xx_hal_gpio.o(i.HAL_GPIO_Init)
    HAL_GetTick                              0x08000f51   Thumb Code     6  stm32f4xx_hal.o(i.HAL_GetTick)
    HAL_IncTick                              0x08000f5d   Thumb Code    12  stm32f4xx_hal.o(i.HAL_IncTick)
    HAL_Init                                 0x08000f6d   Thumb Code    48  stm32f4xx_hal.o(i.HAL_Init)
    HAL_InitTick                             0x08000fa1   Thumb Code   100  stm32f4xx_hal_timebase_tim.o(i.HAL_InitTick)
    HAL_MspInit                              0x08001015   Thumb Code    52  stm32f4xx_hal_msp.o(i.HAL_MspInit)
    HAL_NVIC_EnableIRQ                       0x0800104d   Thumb Code    26  stm32f4xx_hal_cortex.o(i.HAL_NVIC_EnableIRQ)
    HAL_NVIC_SetPriority                     0x08001069   Thumb Code    60  stm32f4xx_hal_cortex.o(i.HAL_NVIC_SetPriority)
    HAL_NVIC_SetPriorityGrouping             0x080010a9   Thumb Code    26  stm32f4xx_hal_cortex.o(i.HAL_NVIC_SetPriorityGrouping)
    HAL_PWREx_EnableOverDrive                0x080010cd   Thumb Code    98  stm32f4xx_hal_pwr_ex.o(i.HAL_PWREx_EnableOverDrive)
    HAL_RCC_ClockConfig                      0x0800113d   Thumb Code   288  stm32f4xx_hal_rcc.o(i.HAL_RCC_ClockConfig)
    HAL_RCC_GetClockConfig                   0x08001271   Thumb Code    54  stm32f4xx_hal_rcc.o(i.HAL_RCC_GetClockConfig)
    HAL_RCC_GetHCLKFreq                      0x080012b1   Thumb Code     6  stm32f4xx_hal_rcc.o(i.HAL_RCC_GetHCLKFreq)
    HAL_RCC_GetPCLK2Freq                     0x080012bd   Thumb Code    20  stm32f4xx_hal_rcc.o(i.HAL_RCC_GetPCLK2Freq)
    HAL_RCC_GetSysClockFreq                  0x080012dd   Thumb Code    88  stm32f4xx_hal_rcc.o(i.HAL_RCC_GetSysClockFreq)
    HAL_RCC_OscConfig                        0x08001341   Thumb Code   834  stm32f4xx_hal_rcc.o(i.HAL_RCC_OscConfig)
    HAL_TIMEx_BreakCallback                  0x0800169d   Thumb Code     2  stm32f4xx_hal_tim_ex.o(i.HAL_TIMEx_BreakCallback)
    HAL_TIMEx_CommutCallback                 0x0800169f   Thumb Code     2  stm32f4xx_hal_tim_ex.o(i.HAL_TIMEx_CommutCallback)
    HAL_TIM_Base_Init                        0x080016a1   Thumb Code    54  stm32f4xx_hal_tim.o(i.HAL_TIM_Base_Init)
    HAL_TIM_Base_MspInit                     0x080016d7   Thumb Code     2  stm32f4xx_hal_tim.o(i.HAL_TIM_Base_MspInit)
    HAL_TIM_Base_Start_IT                    0x080016d9   Thumb Code    34  stm32f4xx_hal_tim.o(i.HAL_TIM_Base_Start_IT)
    HAL_TIM_IC_CaptureCallback               0x080016fb   Thumb Code     2  stm32f4xx_hal_tim.o(i.HAL_TIM_IC_CaptureCallback)
    HAL_TIM_IRQHandler                       0x080016fd   Thumb Code   358  stm32f4xx_hal_tim.o(i.HAL_TIM_IRQHandler)
    HAL_TIM_OC_DelayElapsedCallback          0x08001863   Thumb Code     2  stm32f4xx_hal_tim.o(i.HAL_TIM_OC_DelayElapsedCallback)
    HAL_TIM_PWM_PulseFinishedCallback        0x08001865   Thumb Code     2  stm32f4xx_hal_tim.o(i.HAL_TIM_PWM_PulseFinishedCallback)
    HAL_TIM_PeriodElapsedCallback            0x08001869   Thumb Code    14  main.o(i.HAL_TIM_PeriodElapsedCallback)
    HAL_TIM_TriggerCallback                  0x0800187d   Thumb Code     2  stm32f4xx_hal_tim.o(i.HAL_TIM_TriggerCallback)
    HardFault_Handler                        0x0800187f   Thumb Code     2  stm32f4xx_it.o(i.HardFault_Handler)
    ITM_SendChar                             0x08001881   Thumb Code    32  retarget_io.o(i.ITM_SendChar)
    MemManage_Handler                        0x080018f1   Thumb Code     2  stm32f4xx_it.o(i.MemManage_Handler)
    NMI_Handler                              0x080018f3   Thumb Code     2  stm32f4xx_it.o(i.NMI_Handler)
    StartDefaultTask                         0x080018f5   Thumb Code    86  main.o(i.StartDefaultTask)
    SysTick_Handler                          0x08001961   Thumb Code    38  port.o(i.SysTick_Handler)
    SystemClock_Config                       0x0800198d   Thumb Code   128  main.o(i.SystemClock_Config)
    SystemInit                               0x08001a15   Thumb Code    22  system_stm32f4xx.o(i.SystemInit)
    TIM1_UP_TIM10_IRQHandler                 0x08001a31   Thumb Code     6  stm32f4xx_it.o(i.TIM1_UP_TIM10_IRQHandler)
    TIM_Base_SetConfig                       0x08001a3d   Thumb Code   156  stm32f4xx_hal_tim.o(i.TIM_Base_SetConfig)
    UsageFault_Handler                       0x08001b05   Thumb Code     2  stm32f4xx_it.o(i.UsageFault_Handler)
    __0printf$3                              0x08001b09   Thumb Code    22  printf3.o(i.__0printf$3)
    __1printf$3                              0x08001b09   Thumb Code     0  printf3.o(i.__0printf$3)
    __2printf                                0x08001b09   Thumb Code     0  printf3.o(i.__0printf$3)
    __scatterload_copy                       0x08001b49   Thumb Code    14  handlers.o(i.__scatterload_copy)
    __scatterload_null                       0x08001b57   Thumb Code     2  handlers.o(i.__scatterload_null)
    __scatterload_zeroinit                   0x08001b59   Thumb Code    14  handlers.o(i.__scatterload_zeroinit)
    etharp_cleanup_netif                     0x08002151   Thumb Code    42  etharp.o(i.etharp_cleanup_netif)
    etharp_input                             0x080023fd   Thumb Code   148  etharp.o(i.etharp_input)
    etharp_output                            0x08002501   Thumb Code   274  etharp.o(i.etharp_output)
    etharp_query                             0x080027bd   Thumb Code   300  etharp.o(i.etharp_query)
    etharp_request                           0x08002b05   Thumb Code     6  etharp.o(i.etharp_request)
    etharp_tmr                               0x08002b31   Thumb Code    92  etharp.o(i.etharp_tmr)
    ethernet_input                           0x08002cad   Thumb Code   154  ethernet.o(i.ethernet_input)
    ethernet_output                          0x08002d4d   Thumb Code    98  ethernet.o(i.ethernet_output)
    ethernetif_init                          0x08002e45   Thumb Code    50  ethernetif.o(i.ethernetif_init)
    ethernetif_input                         0x08002ecd   Thumb Code    48  ethernetif.o(i.ethernetif_input)
    fputc                                    0x08002f01   Thumb Code    22  retarget_io.o(i.fputc)
    http_server_netconn_init                 0x08002f21   Thumb Code    20  httpserver-netconn.o(i.http_server_netconn_init)
    icmp_dest_unreach                        0x08002fe1   Thumb Code     8  icmp.o(i.icmp_dest_unreach)
    icmp_input                               0x08002fe9   Thumb Code   274  icmp.o(i.icmp_input)
    icmp_time_exceeded                       0x080032d9   Thumb Code     8  icmp.o(i.icmp_time_exceeded)
    ip4_addr_isbroadcast_u32                 0x080032ed   Thumb Code    46  ip4_addr.o(i.ip4_addr_isbroadcast_u32)
    ip4_frag                                 0x0800331d   Thumb Code   390  ip4_frag.o(i.ip4_frag)
    ip4_input                                0x08003571   Thumb Code   410  ip4.o(i.ip4_input)
    ip4_output_if                            0x08003715   Thumb Code    30  ip4.o(i.ip4_output_if)
    ip4_output_if_src                        0x08003735   Thumb Code   204  ip4.o(i.ip4_output_if_src)
    ip4_reass                                0x080038a1   Thumb Code   430  ip4_frag.o(i.ip4_reass)
    ip4_route                                0x08003a55   Thumb Code    82  ip4.o(i.ip4_route)
    ip_reass_tmr                             0x0800406d   Thumb Code    40  ip4_frag.o(i.ip_reass_tmr)
    lwip_htonl                               0x080043b9   Thumb Code     4  def.o(i.lwip_htonl)
    lwip_htons                               0x080043bd   Thumb Code     4  def.o(i.lwip_htons)
    lwip_init                                0x080043c1   Thumb Code    34  init.o(i.lwip_init)
    lwip_netconn_do_bind                     0x080043e3   Thumb Code    96  api_msg.o(i.lwip_netconn_do_bind)
    lwip_netconn_do_close                    0x08004445   Thumb Code   216  api_msg.o(i.lwip_netconn_do_close)
    lwip_netconn_do_delconn                  0x08004879   Thumb Code   290  api_msg.o(i.lwip_netconn_do_delconn)
    lwip_netconn_do_listen                   0x08004a35   Thumb Code   218  api_msg.o(i.lwip_netconn_do_listen)
    lwip_netconn_do_newconn                  0x08004b15   Thumb Code    60  api_msg.o(i.lwip_netconn_do_newconn)
    lwip_netconn_do_recv                     0x08004b51   Thumb Code    96  api_msg.o(i.lwip_netconn_do_recv)
    lwip_netconn_do_write                    0x08004bb1   Thumb Code   224  api_msg.o(i.lwip_netconn_do_write)
    main                                     0x08005005   Thumb Code    42  main.o(i.main)
    mem_free                                 0x08005045   Thumb Code   138  mem.o(i.mem_free)
    mem_init                                 0x0800517d   Thumb Code    72  mem.o(i.mem_init)
    mem_malloc                               0x08005241   Thumb Code   274  mem.o(i.mem_malloc)
    mem_trim                                 0x08005451   Thumb Code   268  mem.o(i.mem_trim)
    memp_free                                0x080055f1   Thumb Code    34  memp.o(i.memp_free)
    memp_init                                0x0800568d   Thumb Code    26  memp.o(i.memp_init)
    memp_init_pool                           0x080056ad   Thumb Code    42  memp.o(i.memp_init_pool)
    memp_malloc                              0x080056d9   Thumb Code    38  memp.o(i.memp_malloc)
    netbuf_data                              0x0800577d   Thumb Code    72  netbuf.o(i.netbuf_data)
    netbuf_delete                            0x08005879   Thumb Code    34  netbuf.o(i.netbuf_delete)
    netconn_accept                           0x0800589d   Thumb Code   150  api_lib.o(i.netconn_accept)
    netconn_alloc                            0x080059d5   Thumb Code   128  api_msg.o(i.netconn_alloc)
    netconn_bind                             0x08005af1   Thumb Code    52  api_lib.o(i.netconn_bind)
    netconn_close                            0x08005ba5   Thumb Code     6  api_lib.o(i.netconn_close)
    netconn_delete                           0x08005c5d   Thumb Code    40  api_lib.o(i.netconn_delete)
    netconn_free                             0x08005d29   Thumb Code   104  api_msg.o(i.netconn_free)
    netconn_listen_with_backlog              0x08005e95   Thumb Code    40  api_lib.o(i.netconn_listen_with_backlog)
    netconn_new_with_proto_and_callback      0x08005f3d   Thumb Code   154  api_lib.o(i.netconn_new_with_proto_and_callback)
    netconn_recv                             0x080060b5   Thumb Code   146  api_lib.o(i.netconn_recv)
    netconn_write_partly                     0x080063c9   Thumb Code   128  api_lib.o(i.netconn_write_partly)
    netif_add                                0x080064e9   Thumb Code   102  netif.o(i.netif_add)
    netif_init                               0x080065c9   Thumb Code     2  netif.o(i.netif_init)
    netif_set_addr                           0x080065e5   Thumb Code    72  netif.o(i.netif_set_addr)
    netif_set_default                        0x0800662d   Thumb Code     6  netif.o(i.netif_set_default)
    netif_set_down                           0x08006639   Thumb Code    26  netif.o(i.netif_set_down)
    netif_set_gw                             0x08006653   Thumb Code     8  netif.o(i.netif_set_gw)
    netif_set_ipaddr                         0x0800665d   Thumb Code    60  netif.o(i.netif_set_ipaddr)
    netif_set_netmask                        0x0800669d   Thumb Code     8  netif.o(i.netif_set_netmask)
    netif_set_up                             0x080066a5   Thumb Code    28  netif.o(i.netif_set_up)
    osKernelStart                            0x080066c1   Thumb Code    10  cmsis_os.o(i.osKernelStart)
    osKernelSysTick                          0x080066cb   Thumb Code    24  cmsis_os.o(i.osKernelSysTick)
    osMessageCreate                          0x080066e3   Thumb Code    38  cmsis_os.o(i.osMessageCreate)
    osMessageDelete                          0x08006709   Thumb Code    24  cmsis_os.o(i.osMessageDelete)
    osMessageGet                             0x08006721   Thumb Code   144  cmsis_os.o(i.osMessageGet)
    osMessagePut                             0x080067b5   Thumb Code    86  cmsis_os.o(i.osMessagePut)
    osMessageWaiting                         0x08006811   Thumb Code    30  cmsis_os.o(i.osMessageWaiting)
    osMutexCreate                            0x0800682f   Thumb Code    16  cmsis_os.o(i.osMutexCreate)
    osMutexRelease                           0x08006841   Thumb Code    74  cmsis_os.o(i.osMutexRelease)
    osMutexWait                              0x08006891   Thumb Code    96  cmsis_os.o(i.osMutexWait)
    osSemaphoreCreate                        0x080068f5   Thumb Code    62  cmsis_os.o(i.osSemaphoreCreate)
    osSemaphoreDelete                        0x08006933   Thumb Code    24  cmsis_os.o(i.osSemaphoreDelete)
    osSemaphoreRelease                       0x0800694d   Thumb Code    74  cmsis_os.o(i.osSemaphoreRelease)
    osSemaphoreWait                          0x0800699d   Thumb Code    96  cmsis_os.o(i.osSemaphoreWait)
    osThreadCreate                           0x08006a01   Thumb Code    84  cmsis_os.o(i.osThreadCreate)
    osThreadTerminate                        0x08006a55   Thumb Code    10  cmsis_os.o(i.osThreadTerminate)
    pbuf_alloc                               0x08006a61   Thumb Code   472  pbuf.o(i.pbuf_alloc)
    pbuf_alloced_custom                      0x08006dd1   Thumb Code    98  pbuf.o(i.pbuf_alloced_custom)
    pbuf_cat                                 0x08006eb1   Thumb Code    96  pbuf.o(i.pbuf_cat)
    pbuf_clen                                0x08006fe1   Thumb Code    18  pbuf.o(i.pbuf_clen)
    pbuf_copy                                0x08006ff5   Thumb Code   242  pbuf.o(i.pbuf_copy)
    pbuf_copy_partial                        0x080071e1   Thumb Code   126  pbuf.o(i.pbuf_copy_partial)
    pbuf_free                                0x080072fd   Thumb Code   190  pbuf.o(i.pbuf_free)
    pbuf_header                              0x080074a9   Thumb Code     6  pbuf.o(i.pbuf_header)
    pbuf_header_force                        0x080074af   Thumb Code     6  pbuf.o(i.pbuf_header_force)
    pbuf_realloc                             0x08007619   Thumb Code   196  pbuf.o(i.pbuf_realloc)
    pbuf_ref                                 0x080077b1   Thumb Code    46  pbuf.o(i.pbuf_ref)
    pvPortMalloc                             0x0800802d   Thumb Code   210  heap_4.o(i.pvPortMalloc)
    pvTaskIncrementMutexHeldCount            0x08008105   Thumb Code    18  tasks.o(i.pvTaskIncrementMutexHeldCount)
    pxPortInitialiseStack                    0x0800811d   Thumb Code    40  port.o(i.pxPortInitialiseStack)
    sys_arch_mbox_fetch                      0x0800852d   Thumb Code    68  sys_arch.o(i.sys_arch_mbox_fetch)
    sys_arch_mbox_tryfetch                   0x08008571   Thumb Code    34  sys_arch.o(i.sys_arch_mbox_tryfetch)
    sys_arch_protect                         0x08008595   Thumb Code    18  sys_arch.o(i.sys_arch_protect)
    sys_arch_sem_wait                        0x080085ad   Thumb Code    56  sys_arch.o(i.sys_arch_sem_wait)
    sys_arch_unprotect                       0x080085e5   Thumb Code     8  sys_arch.o(i.sys_arch_unprotect)
    sys_init                                 0x08008649   Thumb Code    14  sys_arch.o(i.sys_init)
    sys_mbox_free                            0x08008661   Thumb Code    20  sys_arch.o(i.sys_mbox_free)
    sys_mbox_new                             0x08008675   Thumb Code    40  sys_arch.o(i.sys_mbox_new)
    sys_mbox_post                            0x080086a1   Thumb Code    26  sys_arch.o(i.sys_mbox_post)
    sys_mbox_set_invalid                     0x080086bb   Thumb Code     6  sys_arch.o(i.sys_mbox_set_invalid)
    sys_mbox_trypost                         0x080086c1   Thumb Code    20  sys_arch.o(i.sys_mbox_trypost)
    sys_mbox_valid                           0x080086d5   Thumb Code    10  sys_arch.o(i.sys_mbox_valid)
    sys_mutex_lock                           0x080086df   Thumb Code    10  sys_arch.o(i.sys_mutex_lock)
    sys_mutex_new                            0x080086e9   Thumb Code    30  sys_arch.o(i.sys_mutex_new)
    sys_mutex_unlock                         0x08008707   Thumb Code     6  sys_arch.o(i.sys_mutex_unlock)
    sys_now                                  0x0800870d   Thumb Code     4  ethernetif.o(i.sys_now)
    sys_sem_free                             0x08008711   Thumb Code     6  sys_arch.o(i.sys_sem_free)
    sys_sem_new                              0x08008717   Thumb Code    44  sys_arch.o(i.sys_sem_new)
    sys_sem_set_invalid                      0x08008743   Thumb Code     6  sys_arch.o(i.sys_sem_set_invalid)
    sys_sem_signal                           0x08008749   Thumb Code     6  sys_arch.o(i.sys_sem_signal)
    sys_sem_valid                            0x0800874f   Thumb Code    10  sys_arch.o(i.sys_sem_valid)
    sys_thread_new                           0x08008759   Thumb Code    48  sys_arch.o(i.sys_thread_new)
    sys_timeout                              0x08008789   Thumb Code   158  timeouts.o(i.sys_timeout)
    sys_timeouts_init                        0x080088c9   Thumb Code    38  timeouts.o(i.sys_timeouts_init)
    sys_timeouts_mbox_fetch                  0x080088fd   Thumb Code    66  timeouts.o(i.sys_timeouts_mbox_fetch)
    tcp_abandon                              0x08008945   Thumb Code   226  tcp.o(i.tcp_abandon)
    tcp_abort                                0x08008ab9   Thumb Code     6  tcp.o(i.tcp_abort)
    tcp_accept                               0x08008abf   Thumb Code    14  tcp.o(i.tcp_accept)
    tcp_alloc                                0x08008add   Thumb Code   242  tcp.o(i.tcp_alloc)
    tcp_arg                                  0x08008bdd   Thumb Code     8  tcp.o(i.tcp_arg)
    tcp_bind                                 0x08008be5   Thumb Code   152  tcp.o(i.tcp_bind)
    tcp_close                                0x08008d09   Thumb Code    20  tcp.o(i.tcp_close)
    tcp_eff_send_mss_impl                    0x08009089   Thumb Code    34  tcp.o(i.tcp_eff_send_mss_impl)
    tcp_enqueue_flags                        0x080090ad   Thumb Code   260  tcp_out.o(i.tcp_enqueue_flags)
    tcp_err                                  0x080092b9   Thumb Code    34  tcp.o(i.tcp_err)
    tcp_fasttmr                              0x0800935d   Thumb Code   102  tcp.o(i.tcp_fasttmr)
    tcp_init                                 0x080093f9   Thumb Code     2  tcp.o(i.tcp_init)
    tcp_input                                0x080093fd   Thumb Code  1488  tcp_in.o(i.tcp_input)
    tcp_keepalive                            0x08009a0d   Thumb Code    82  tcp_out.o(i.tcp_keepalive)
    tcp_listen_with_backlog_and_err          0x08009cdd   Thumb Code   158  tcp.o(i.tcp_listen_with_backlog_and_err)
    tcp_netif_ip_addr_changed                0x08009e01   Thumb Code    72  tcp.o(i.tcp_netif_ip_addr_changed)
    tcp_new_ip_type                          0x08009e6f   Thumb Code     6  tcp.o(i.tcp_new_ip_type)
    tcp_next_iss                             0x08009ed1   Thumb Code    12  tcp.o(i.tcp_next_iss)
    tcp_output                               0x08009f59   Thumb Code   554  tcp_out.o(i.tcp_output)
    tcp_pcb_purge                            0x0800a525   Thumb Code    66  tcp.o(i.tcp_pcb_purge)
    tcp_pcb_remove                           0x0800a569   Thumb Code   140  tcp.o(i.tcp_pcb_remove)
    tcp_poll                                 0x0800a699   Thumb Code    36  tcp.o(i.tcp_poll)
    tcp_process_refused_data                 0x0800abb9   Thumb Code   108  tcp.o(i.tcp_process_refused_data)
    tcp_recv                                 0x0800b645   Thumb Code    34  tcp.o(i.tcp_recv)
    tcp_recv_null                            0x0800b6e9   Thumb Code    36  tcp.o(i.tcp_recv_null)
    tcp_recved                               0x0800b70d   Thumb Code   106  tcp.o(i.tcp_recved)
    tcp_rexmit                               0x0800b81d   Thumb Code    86  tcp_out.o(i.tcp_rexmit)
    tcp_rexmit_fast                          0x0800b873   Thumb Code    88  tcp_out.o(i.tcp_rexmit_fast)
    tcp_rexmit_rto                           0x0800b8cb   Thumb Code    50  tcp_out.o(i.tcp_rexmit_rto)
    tcp_rst                                  0x0800b8fd   Thumb Code   146  tcp_out.o(i.tcp_rst)
    tcp_seg_copy                             0x0800ba1d   Thumb Code    40  tcp.o(i.tcp_seg_copy)
    tcp_seg_free                             0x0800ba45   Thumb Code    28  tcp.o(i.tcp_seg_free)
    tcp_segs_free                            0x0800ba61   Thumb Code    18  tcp.o(i.tcp_segs_free)
    tcp_send_empty_ack                       0x0800ba73   Thumb Code   114  tcp_out.o(i.tcp_send_empty_ack)
    tcp_send_fin                             0x0800bae5   Thumb Code    68  tcp_out.o(i.tcp_send_fin)
    tcp_sent                                 0x0800bb29   Thumb Code    32  tcp.o(i.tcp_sent)
    tcp_shutdown                             0x0800bbc9   Thumb Code    78  tcp.o(i.tcp_shutdown)
    tcp_slowtmr                              0x0800bc19   Thumb Code   784  tcp.o(i.tcp_slowtmr)
    tcp_timer_needed                         0x0800c0f1   Thumb Code    36  timeouts.o(i.tcp_timer_needed)
    tcp_tmr                                  0x0800c18d   Thumb Code    28  tcp.o(i.tcp_tmr)
    tcp_trigger_input_pcb_close              0x0800c1ad   Thumb Code    12  tcp_in.o(i.tcp_trigger_input_pcb_close)
    tcp_update_rcv_ann_wnd                   0x0800c1bd   Thumb Code    76  tcp.o(i.tcp_update_rcv_ann_wnd)
    tcp_write                                0x0800c27d   Thumb Code  1664  tcp_out.o(i.tcp_write)
    tcp_zero_window_probe                    0x0800ca3d   Thumb Code   180  tcp_out.o(i.tcp_zero_window_probe)
    tcpip_callback_with_block                0x0800caf1   Thumb Code    94  tcpip.o(i.tcpip_callback_with_block)
    tcpip_init                               0x0800cbbd   Thumb Code    88  tcpip.o(i.tcpip_init)
    tcpip_inpkt                              0x0800cccd   Thumb Code    82  tcpip.o(i.tcpip_inpkt)
    tcpip_input                              0x0800cd8d   Thumb Code    20  tcpip.o(i.tcpip_input)
    tcpip_send_msg_wait_sem                  0x0800cda9   Thumb Code    26  tcpip.o(i.tcpip_send_msg_wait_sem)
    udp_bind                                 0x0800cef9   Thumb Code   164  udp.o(i.udp_bind)
    udp_init                                 0x0800cfa5   Thumb Code     2  udp.o(i.udp_init)
    udp_input                                0x0800cfa9   Thumb Code   294  udp.o(i.udp_input)
    udp_netif_ip_addr_changed                0x0800d145   Thumb Code    48  udp.o(i.udp_netif_ip_addr_changed)
    udp_new                                  0x0800d179   Thumb Code    26  udp.o(i.udp_new)
    udp_new_ip_type                          0x0800d193   Thumb Code     4  udp.o(i.udp_new_ip_type)
    udp_recv                                 0x0800d197   Thumb Code     6  udp.o(i.udp_recv)
    udp_remove                               0x0800d19d   Thumb Code    42  udp.o(i.udp_remove)
    uxListRemove                             0x0800d1cd   Thumb Code    38  list.o(i.uxListRemove)
    uxQueueMessagesWaiting                   0x0800d1f3   Thumb Code    36  queue.o(i.uxQueueMessagesWaiting)
    uxQueueMessagesWaitingFromISR            0x0800d217   Thumb Code    22  queue.o(i.uxQueueMessagesWaitingFromISR)
    vApplicationGetIdleTaskMemory            0x0800d22d   Thumb Code    16  freertos.o(i.vApplicationGetIdleTaskMemory)
    vListInitialise                          0x0800d241   Thumb Code    22  list.o(i.vListInitialise)
    vListInitialiseItem                      0x0800d257   Thumb Code     6  list.o(i.vListInitialiseItem)
    vListInsert                              0x0800d25d   Thumb Code    48  list.o(i.vListInsert)
    vListInsertEnd                           0x0800d28d   Thumb Code    24  list.o(i.vListInsertEnd)
    vPortEnterCritical                       0x0800d2a5   Thumb Code    54  port.o(i.vPortEnterCritical)
    vPortExitCritical                        0x0800d2e5   Thumb Code    34  port.o(i.vPortExitCritical)
    vPortFree                                0x0800d30d   Thumb Code    88  heap_4.o(i.vPortFree)
    vPortSetupTimerInterrupt                 0x0800d369   Thumb Code    32  port.o(i.vPortSetupTimerInterrupt)
    vPortValidateInterruptPriority           0x0800d38d   Thumb Code    74  port.o(i.vPortValidateInterruptPriority)
    vQueueDelete                             0x0800d3e1   Thumb Code    46  queue.o(i.vQueueDelete)
    vQueueUnregisterQueue                    0x0800d411   Thumb Code    36  queue.o(i.vQueueUnregisterQueue)
    vTaskDelete                              0x0800d439   Thumb Code   158  tasks.o(i.vTaskDelete)
    vTaskInternalSetTimeOutState             0x0800d4e5   Thumb Code    12  tasks.o(i.vTaskInternalSetTimeOutState)
    vTaskMissedYield                         0x0800d4f5   Thumb Code     8  tasks.o(i.vTaskMissedYield)
    vTaskPlaceOnEventList                    0x0800d501   Thumb Code    44  tasks.o(i.vTaskPlaceOnEventList)
    vTaskPriorityDisinheritAfterTimeout      0x0800d531   Thumb Code   160  tasks.o(i.vTaskPriorityDisinheritAfterTimeout)
    vTaskStartScheduler                      0x0800d5d9   Thumb Code    90  tasks.o(i.vTaskStartScheduler)
    vTaskSuspendAll                          0x0800d645   Thumb Code    10  tasks.o(i.vTaskSuspendAll)
    vTaskSwitchContext                       0x0800d655   Thumb Code    82  tasks.o(i.vTaskSwitchContext)
    xPortStartScheduler                      0x0800d6b1   Thumb Code   222  port.o(i.xPortStartScheduler)
    xQueueCreateMutex                        0x0800d7a5   Thumb Code    22  queue.o(i.xQueueCreateMutex)
    xQueueCreateMutexStatic                  0x0800d7bb   Thumb Code    26  queue.o(i.xQueueCreateMutexStatic)
    xQueueGenericCreate                      0x0800d7d5   Thumb Code    72  queue.o(i.xQueueGenericCreate)
    xQueueGenericCreateStatic                0x0800d81d   Thumb Code   102  queue.o(i.xQueueGenericCreateStatic)
    xQueueGenericReset                       0x0800d885   Thumb Code   132  queue.o(i.xQueueGenericReset)
    xQueueGenericSend                        0x0800d90d   Thumb Code   346  queue.o(i.xQueueGenericSend)
    xQueueGenericSendFromISR                 0x0800da6d   Thumb Code   188  queue.o(i.xQueueGenericSendFromISR)
    xQueueGiveFromISR                        0x0800db29   Thumb Code   156  queue.o(i.xQueueGiveFromISR)
    xQueueReceive                            0x0800dbc5   Thumb Code   308  queue.o(i.xQueueReceive)
    xQueueReceiveFromISR                     0x0800dcfd   Thumb Code   154  queue.o(i.xQueueReceiveFromISR)
    xQueueSemaphoreTake                      0x0800dd99   Thumb Code   372  queue.o(i.xQueueSemaphoreTake)
    xTaskCheckForTimeOut                     0x0800df11   Thumb Code   112  tasks.o(i.xTaskCheckForTimeOut)
    xTaskCreate                              0x0800df85   Thumb Code    90  tasks.o(i.xTaskCreate)
    xTaskCreateStatic                        0x0800dfdf   Thumb Code    86  tasks.o(i.xTaskCreateStatic)
    xTaskGetSchedulerState                   0x0800e035   Thumb Code    22  tasks.o(i.xTaskGetSchedulerState)
    xTaskGetTickCount                        0x0800e051   Thumb Code     6  tasks.o(i.xTaskGetTickCount)
    xTaskGetTickCountFromISR                 0x0800e05d   Thumb Code    12  tasks.o(i.xTaskGetTickCountFromISR)
    xTaskIncrementTick                       0x0800e06d   Thumb Code   192  tasks.o(i.xTaskIncrementTick)
    xTaskPriorityDisinherit                  0x0800e135   Thumb Code   144  tasks.o(i.xTaskPriorityDisinherit)
    xTaskPriorityInherit                     0x0800e1cd   Thumb Code   138  tasks.o(i.xTaskPriorityInherit)
    xTaskRemoveFromEventList                 0x0800e261   Thumb Code   108  tasks.o(i.xTaskRemoveFromEventList)
    xTaskResumeAll                           0x0800e2d5   Thumb Code   182  tasks.o(i.xTaskResumeAll)
    AHBPrescTable                            0x0800e3d0   Data          16  system_stm32f4xx.o(.constdata)
    APBPrescTable                            0x0800e3e0   Data           8  system_stm32f4xx.o(.constdata)
    ethbroadcast                             0x0800e3e8   Data           6  ethernet.o(.constdata)
    ethzero                                  0x0800e3ee   Data           6  ethernet.o(.constdata)
    memp_UDP_PCB                             0x0800e3f4   Data          12  memp.o(.constdata)
    memp_TCP_PCB                             0x0800e400   Data          12  memp.o(.constdata)
    memp_TCP_PCB_LISTEN                      0x0800e40c   Data          12  memp.o(.constdata)
    memp_TCP_SEG                             0x0800e418   Data          12  memp.o(.constdata)
    memp_REASSDATA                           0x0800e424   Data          12  memp.o(.constdata)
    memp_FRAG_PBUF                           0x0800e430   Data          12  memp.o(.constdata)
    memp_NETBUF                              0x0800e43c   Data          12  memp.o(.constdata)
    memp_NETCONN                             0x0800e448   Data          12  memp.o(.constdata)
    memp_TCPIP_MSG_API                       0x0800e454   Data          12  memp.o(.constdata)
    memp_TCPIP_MSG_INPKT                     0x0800e460   Data          12  memp.o(.constdata)
    memp_SYS_TIMEOUT                         0x0800e46c   Data          12  memp.o(.constdata)
    memp_PBUF                                0x0800e478   Data          12  memp.o(.constdata)
    memp_PBUF_POOL                           0x0800e484   Data          12  memp.o(.constdata)
    memp_pools                               0x0800e490   Data          52  memp.o(.constdata)
    tcp_pcb_lists                            0x0800e508   Data          16  tcp.o(.constdata)
    lwip_cyclic_timers                       0x0800e518   Data          24  timeouts.o(.constdata)
    ip_addr_any                              0x0800e530   Data           4  ip4_addr.o(.constdata)
    os_mutex_def_lwip_sys_mutex              0x0800e534   Data           8  sys_arch.o(.constdata)
    Region$$Table$$Base                      0x0800e794   Number         0  anon$$obj.o(Region$$Table)
    Region$$Table$$Limit                     0x0800e7b4   Number         0  anon$$obj.o(Region$$Table)
    defaultTaskHandle                        0x20000000   Data           4  main.o(.data)
    s_xSemaphore                             0x20000004   Data           4  ethernetif.o(.data)
    uwTickFreq                               0x20000008   Data           1  stm32f4xx_hal.o(.data)
    uwTickPrio                               0x2000000c   Data           4  stm32f4xx_hal.o(.data)
    uwTick                                   0x20000010   Data           4  stm32f4xx_hal.o(.data)
    SystemCoreClock                          0x20000014   Data           4  system_stm32f4xx.o(.data)
    netconn_aborted                          0x20000018   Data           1  api_msg.o(.data)
    lock_tcpip_core                          0x20000028   Data           4  tcpip.o(.data)
    netif_list                               0x20000074   Data           4  netif.o(.data)
    netif_default                            0x20000078   Data           4  netif.o(.data)
    pbuf_free_ooseq_pending                  0x2000007c   Data           1  pbuf.o(.data)
    tcp_active_pcbs_changed                  0x20000080   Data           1  tcp.o(.data)
    tcp_ticks                                0x2000008c   Data           4  tcp.o(.data)
    tcp_bound_pcbs                           0x20000090   Data           4  tcp.o(.data)
    tcp_listen_pcbs                          0x20000094   Data           4  tcp.o(.data)
    tcp_active_pcbs                          0x20000098   Data           4  tcp.o(.data)
    tcp_tw_pcbs                              0x2000009c   Data           4  tcp.o(.data)
    tcp_input_pcb                            0x200000c0   Data           4  tcp_in.o(.data)
    udp_pcbs                                 0x200000d4   Data           4  udp.o(.data)
    lwip_sys_mutex                           0x200000e4   Data           4  sys_arch.o(.data)
    pxCurrentTCB                             0x200000e8   Data           4  tasks.o(.data)
    __stdout                                 0x20000148   Data           4  stdout.o(.data)
    __stderr                                 0x2000014c   Data           4  stderr.o(.data)
    gnetif                                   0x200003a4   Data          48  lwip.o(.bss)
    DMARxDscrTab                             0x200003d4   Data         128  ethernetif.o(.bss)
    DMATxDscrTab                             0x20000454   Data         128  ethernetif.o(.bss)
    Rx_Buff                                  0x200004d4   Data        6096  ethernetif.o(.bss)
    Tx_Buff                                  0x20001ca4   Data        6096  ethernetif.o(.bss)
    heth                                     0x20003474   Data          72  ethernetif.o(.bss)
    htim1                                    0x200034bc   Data          64  stm32f4xx_hal_timebase_tim.o(.bss)
    ip_data                                  0x200034fc   Data          24  ip.o(.bss)
    ram_heap                                 0x20003514   Data        1619  mem.o(.bss)
    memp_memory_UDP_PCB_base                 0x20003b67   Data         131  memp.o(.bss)
    memp_memory_TCP_PCB_base                 0x20003bea   Data         763  memp.o(.bss)
    memp_memory_TCP_PCB_LISTEN_base          0x20003ee5   Data         227  memp.o(.bss)
    memp_memory_TCP_SEG_base                 0x20003fc8   Data         387  memp.o(.bss)
    memp_memory_REASSDATA_base               0x2000414b   Data         163  memp.o(.bss)
    memp_memory_FRAG_PBUF_base               0x200041ee   Data         363  memp.o(.bss)
    memp_memory_NETBUF_base                  0x20004359   Data          35  memp.o(.bss)
    memp_memory_NETCONN_base                 0x2000437c   Data         179  memp.o(.bss)
    memp_memory_TCPIP_MSG_API_base           0x2000442f   Data         131  memp.o(.bss)
    memp_memory_TCPIP_MSG_INPKT_base         0x200044b2   Data         131  memp.o(.bss)
    memp_memory_SYS_TIMEOUT_base             0x20004535   Data          51  memp.o(.bss)
    memp_memory_PBUF_base                    0x20004568   Data         259  memp.o(.bss)
    memp_memory_PBUF_POOL_base               0x2000466b   Data        8515  memp.o(.bss)
    xQueueRegistry                           0x200068b0   Data          64  queue.o(.bss)
    __initial_sp                             0x2002c530   Data           0  startup_stm32f429xx.o(STACK)



==============================================================================

Memory Map of the image

  Image Entry point : 0x080001ad

  Load Region LR_IROM1 (Base: 0x08000000, Size: 0x0000e904, Max: 0x00200000, ABSOLUTE, COMPRESSED[0x0000e7cc])

    Execution Region ER_IROM1 (Exec base: 0x08000000, Load base: 0x08000000, Size: 0x0000e7b4, Max: 0x00200000, ABSOLUTE)

    Exec Addr    Load Addr    Size         Type   Attr      Idx    E Section Name        Object

    0x08000000   0x08000000   0x000001ac   Data   RO            3    RESET               startup_stm32f429xx.o
    0x080001ac   0x080001ac   0x00000000   Code   RO         8468  * .ARM.Collect$$$$00000000  mc_w.l(entry.o)
    0x080001ac   0x080001ac   0x00000004   Code   RO         8759    .ARM.Collect$$$$00000001  mc_w.l(entry2.o)
    0x080001b0   0x080001b0   0x00000004   Code   RO         8762    .ARM.Collect$$$$00000004  mc_w.l(entry5.o)
    0x080001b4   0x080001b4   0x00000000   Code   RO         8764    .ARM.Collect$$$$00000008  mc_w.l(entry7b.o)
    0x080001b4   0x080001b4   0x00000000   Code   RO         8766    .ARM.Collect$$$$0000000A  mc_w.l(entry8b.o)
    0x080001b4   0x080001b4   0x00000008   Code   RO         8767    .ARM.Collect$$$$0000000B  mc_w.l(entry9a.o)
    0x080001bc   0x080001bc   0x00000000   Code   RO         8769    .ARM.Collect$$$$0000000D  mc_w.l(entry10a.o)
    0x080001bc   0x080001bc   0x00000000   Code   RO         8771    .ARM.Collect$$$$0000000F  mc_w.l(entry11a.o)
    0x080001bc   0x080001bc   0x00000004   Code   RO         8760    .ARM.Collect$$$$00002712  mc_w.l(entry2.o)
    0x080001c0   0x080001c0   0x000000be   Code   RO         8142    .emb_text           port.o
    0x0800027e   0x0800027e   0x00000002   PAD
    0x08000280   0x08000280   0x00000024   Code   RO            4    .text               startup_stm32f429xx.o
    0x080002a4   0x080002a4   0x00000062   Code   RO         8478    .text               mc_w.l(uldiv.o)
    0x08000306   0x08000306   0x00000024   Code   RO         8480    .text               mc_w.l(memcpya.o)
    0x0800032a   0x0800032a   0x00000024   Code   RO         8484    .text               mc_w.l(memseta.o)
    0x0800034e   0x0800034e   0x0000001a   Code   RO         8492    .text               mc_w.l(memcmp.o)
    0x08000368   0x08000368   0x0000001e   Code   RO         8494    .text               mc_w.l(strncmp.o)
    0x08000386   0x08000386   0x0000002c   Code   RO         8773    .text               mc_w.l(uidiv.o)
    0x080003b2   0x080003b2   0x0000001e   Code   RO         8775    .text               mc_w.l(llshl.o)
    0x080003d0   0x080003d0   0x00000020   Code   RO         8777    .text               mc_w.l(llushr.o)
    0x080003f0   0x080003f0   0x00000024   Code   RO         8790    .text               mc_w.l(init.o)
    0x08000414   0x08000414   0x0000003a   Code   RO         8804    .text               mc_w.l(__dczerorl.o)
    0x0800044e   0x0800044e   0x00000002   Code   RO          556    i.BusFault_Handler  stm32f4xx_it.o
    0x08000450   0x08000450   0x00000002   Code   RO          557    i.DebugMon_Handler  stm32f4xx_it.o
    0x08000452   0x08000452   0x00000002   PAD
    0x08000454   0x08000454   0x00000020   Code   RO          772    i.ETH_Delay         stm32f4xx_hal_eth.o
    0x08000474   0x08000474   0x0000002e   Code   RO          773    i.ETH_FlushTransmitFIFO  stm32f4xx_hal_eth.o
    0x080004a2   0x080004a2   0x00000002   PAD
    0x080004a4   0x080004a4   0x0000000c   Code   RO          558    i.ETH_IRQHandler    stm32f4xx_it.o
    0x080004b0   0x080004b0   0x00000124   Code   RO          774    i.ETH_MACDMAConfig  stm32f4xx_hal_eth.o
    0x080005d4   0x080005d4   0x00000024   Code   RO         1876    i.HAL_Delay         stm32f4xx_hal.o
    0x080005f8   0x080005f8   0x00000074   Code   RO          777    i.HAL_ETH_DMARxDescListInit  stm32f4xx_hal_eth.o
    0x0800066c   0x0800066c   0x00000078   Code   RO          778    i.HAL_ETH_DMATxDescListInit  stm32f4xx_hal_eth.o
    0x080006e4   0x080006e4   0x00000002   Code   RO          780    i.HAL_ETH_ErrorCallback  stm32f4xx_hal_eth.o
    0x080006e6   0x080006e6   0x00000088   Code   RO          782    i.HAL_ETH_GetReceivedFrame_IT  stm32f4xx_hal_eth.o
    0x0800076e   0x0800076e   0x0000007a   Code   RO          784    i.HAL_ETH_IRQHandler  stm32f4xx_hal_eth.o
    0x080007e8   0x080007e8   0x000001ec   Code   RO          785    i.HAL_ETH_Init      stm32f4xx_hal_eth.o
    0x080009d4   0x080009d4   0x00000110   Code   RO          444    i.HAL_ETH_MspInit   ethernetif.o
    0x08000ae4   0x08000ae4   0x00000084   Code   RO          788    i.HAL_ETH_ReadPHYRegister  stm32f4xx_hal_eth.o
    0x08000b68   0x08000b68   0x0000000c   Code   RO          445    i.HAL_ETH_RxCpltCallback  ethernetif.o
    0x08000b74   0x08000b74   0x00000084   Code   RO          790    i.HAL_ETH_Start     stm32f4xx_hal_eth.o
    0x08000bf8   0x08000bf8   0x00000108   Code   RO          792    i.HAL_ETH_TransmitFrame  stm32f4xx_hal_eth.o
    0x08000d00   0x08000d00   0x00000002   Code   RO          793    i.HAL_ETH_TxCpltCallback  stm32f4xx_hal_eth.o
    0x08000d02   0x08000d02   0x00000002   PAD
    0x08000d04   0x08000d04   0x00000078   Code   RO          794    i.HAL_ETH_WritePHYRegister  stm32f4xx_hal_eth.o
    0x08000d7c   0x08000d7c   0x000001d4   Code   RO         1332    i.HAL_GPIO_Init     stm32f4xx_hal_gpio.o
    0x08000f50   0x08000f50   0x0000000c   Code   RO         1884    i.HAL_GetTick       stm32f4xx_hal.o
    0x08000f5c   0x08000f5c   0x00000010   Code   RO         1890    i.HAL_IncTick       stm32f4xx_hal.o
    0x08000f6c   0x08000f6c   0x00000034   Code   RO         1891    i.HAL_Init          stm32f4xx_hal.o
    0x08000fa0   0x08000fa0   0x00000074   Code   RO          650    i.HAL_InitTick      stm32f4xx_hal_timebase_tim.o
    0x08001014   0x08001014   0x00000038   Code   RO          626    i.HAL_MspInit       stm32f4xx_hal_msp.o
    0x0800104c   0x0800104c   0x0000001a   Code   RO         1739    i.HAL_NVIC_EnableIRQ  stm32f4xx_hal_cortex.o
    0x08001066   0x08001066   0x00000002   PAD
    0x08001068   0x08001068   0x00000040   Code   RO         1745    i.HAL_NVIC_SetPriority  stm32f4xx_hal_cortex.o
    0x080010a8   0x080010a8   0x00000024   Code   RO         1746    i.HAL_NVIC_SetPriorityGrouping  stm32f4xx_hal_cortex.o
    0x080010cc   0x080010cc   0x00000070   Code   RO         1668    i.HAL_PWREx_EnableOverDrive  stm32f4xx_hal_pwr_ex.o
    0x0800113c   0x0800113c   0x00000134   Code   RO          926    i.HAL_RCC_ClockConfig  stm32f4xx_hal_rcc.o
    0x08001270   0x08001270   0x00000040   Code   RO          930    i.HAL_RCC_GetClockConfig  stm32f4xx_hal_rcc.o
    0x080012b0   0x080012b0   0x0000000c   Code   RO          931    i.HAL_RCC_GetHCLKFreq  stm32f4xx_hal_rcc.o
    0x080012bc   0x080012bc   0x00000020   Code   RO          934    i.HAL_RCC_GetPCLK2Freq  stm32f4xx_hal_rcc.o
    0x080012dc   0x080012dc   0x00000064   Code   RO          935    i.HAL_RCC_GetSysClockFreq  stm32f4xx_hal_rcc.o
    0x08001340   0x08001340   0x0000035c   Code   RO          938    i.HAL_RCC_OscConfig  stm32f4xx_hal_rcc.o
    0x0800169c   0x0800169c   0x00000002   Code   RO         2816    i.HAL_TIMEx_BreakCallback  stm32f4xx_hal_tim_ex.o
    0x0800169e   0x0800169e   0x00000002   Code   RO         2817    i.HAL_TIMEx_CommutCallback  stm32f4xx_hal_tim_ex.o
    0x080016a0   0x080016a0   0x00000036   Code   RO         2141    i.HAL_TIM_Base_Init  stm32f4xx_hal_tim.o
    0x080016d6   0x080016d6   0x00000002   Code   RO         2143    i.HAL_TIM_Base_MspInit  stm32f4xx_hal_tim.o
    0x080016d8   0x080016d8   0x00000022   Code   RO         2146    i.HAL_TIM_Base_Start_IT  stm32f4xx_hal_tim.o
    0x080016fa   0x080016fa   0x00000002   Code   RO         2170    i.HAL_TIM_IC_CaptureCallback  stm32f4xx_hal_tim.o
    0x080016fc   0x080016fc   0x00000166   Code   RO         2184    i.HAL_TIM_IRQHandler  stm32f4xx_hal_tim.o
    0x08001862   0x08001862   0x00000002   Code   RO         2187    i.HAL_TIM_OC_DelayElapsedCallback  stm32f4xx_hal_tim.o
    0x08001864   0x08001864   0x00000002   Code   RO         2214    i.HAL_TIM_PWM_PulseFinishedCallback  stm32f4xx_hal_tim.o
    0x08001866   0x08001866   0x00000002   PAD
    0x08001868   0x08001868   0x00000014   Code   RO           14    i.HAL_TIM_PeriodElapsedCallback  main.o
    0x0800187c   0x0800187c   0x00000002   Code   RO         2227    i.HAL_TIM_TriggerCallback  stm32f4xx_hal_tim.o
    0x0800187e   0x0800187e   0x00000002   Code   RO          559    i.HardFault_Handler  stm32f4xx_it.o
    0x08001880   0x08001880   0x00000024   Code   RO         8402    i.ITM_SendChar      retarget_io.o
    0x080018a4   0x080018a4   0x0000004c   Code   RO           15    i.MX_GPIO_Init      main.o
    0x080018f0   0x080018f0   0x00000002   Code   RO          560    i.MemManage_Handler  stm32f4xx_it.o
    0x080018f2   0x080018f2   0x00000002   Code   RO          561    i.NMI_Handler       stm32f4xx_it.o
    0x080018f4   0x080018f4   0x0000006c   Code   RO           16    i.StartDefaultTask  main.o
    0x08001960   0x08001960   0x0000002c   Code   RO         8143    i.SysTick_Handler   port.o
    0x0800198c   0x0800198c   0x00000088   Code   RO           17    i.SystemClock_Config  main.o
    0x08001a14   0x08001a14   0x0000001c   Code   RO         3068    i.SystemInit        system_stm32f4xx.o
    0x08001a30   0x08001a30   0x0000000c   Code   RO          562    i.TIM1_UP_TIM10_IRQHandler  stm32f4xx_it.o
    0x08001a3c   0x08001a3c   0x000000c8   Code   RO         2229    i.TIM_Base_SetConfig  stm32f4xx_hal_tim.o
    0x08001b04   0x08001b04   0x00000002   Code   RO          563    i.UsageFault_Handler  stm32f4xx_it.o
    0x08001b06   0x08001b06   0x00000002   PAD
    0x08001b08   0x08001b08   0x00000020   Code   RO         8587    i.__0printf$3       mc_w.l(printf3.o)
    0x08001b28   0x08001b28   0x00000020   Code   RO         1752    i.__NVIC_SetPriority  stm32f4xx_hal_cortex.o
    0x08001b48   0x08001b48   0x0000000e   Code   RO         8798    i.__scatterload_copy  mc_w.l(handlers.o)
    0x08001b56   0x08001b56   0x00000002   Code   RO         8799    i.__scatterload_null  mc_w.l(handlers.o)
    0x08001b58   0x08001b58   0x0000000e   Code   RO         8800    i.__scatterload_zeroinit  mc_w.l(handlers.o)
    0x08001b66   0x08001b66   0x00000002   PAD
    0x08001b68   0x08001b68   0x000001b8   Code   RO         8594    i._printf_core      mc_w.l(printf3.o)
    0x08001d20   0x08001d20   0x000000d8   Code   RO         3876    i.accept_function   api_msg.o
    0x08001df8   0x08001df8   0x0000001c   Code   RO         5832    i.cyclic_timer      timeouts.o
    0x08001e14   0x08001e14   0x000000a8   Code   RO         4843    i.do_memp_free_pool  memp.o
    0x08001ebc   0x08001ebc   0x000000b8   Code   RO         4844    i.do_memp_malloc_pool  memp.o
    0x08001f74   0x08001f74   0x000001dc   Code   RO         3877    i.err_tcp           api_msg.o
    0x08002150   0x08002150   0x00000030   Code   RO         6060    i.etharp_cleanup_netif  etharp.o
    0x08002180   0x08002180   0x00000258   Code   RO         6062    i.etharp_find_entry  etharp.o
    0x080023d8   0x080023d8   0x00000024   Code   RO         6063    i.etharp_free_entry  etharp.o
    0x080023fc   0x080023fc   0x00000104   Code   RO         6065    i.etharp_input      etharp.o
    0x08002500   0x08002500   0x000001ac   Code   RO         6066    i.etharp_output     etharp.o
    0x080026ac   0x080026ac   0x00000110   Code   RO         6067    i.etharp_output_to_arp_index  etharp.o
    0x080027bc   0x080027bc   0x000001d8   Code   RO         6068    i.etharp_query      etharp.o
    0x08002994   0x08002994   0x00000170   Code   RO         6069    i.etharp_raw        etharp.o
    0x08002b04   0x08002b04   0x0000000c   Code   RO         6070    i.etharp_request    etharp.o
    0x08002b10   0x08002b10   0x00000020   Code   RO         6071    i.etharp_request_dst  etharp.o
    0x08002b30   0x08002b30   0x00000060   Code   RO         6072    i.etharp_tmr        etharp.o
    0x08002b90   0x08002b90   0x0000011c   Code   RO         6073    i.etharp_update_arp_entry  etharp.o
    0x08002cac   0x08002cac   0x000000a0   Code   RO         3543    i.ethernet_input    ethernet.o
    0x08002d4c   0x08002d4c   0x000000f8   Code   RO         3544    i.ethernet_output   ethernet.o
    0x08002e44   0x08002e44   0x00000088   Code   RO          446    i.ethernetif_init   ethernetif.o
    0x08002ecc   0x08002ecc   0x00000034   Code   RO          447    i.ethernetif_input  ethernetif.o
    0x08002f00   0x08002f00   0x00000020   Code   RO         8407    i.fputc             retarget_io.o
    0x08002f20   0x08002f20   0x00000020   Code   RO          723    i.http_server_netconn_init  httpserver-netconn.o
    0x08002f40   0x08002f40   0x000000a0   Code   RO          724    i.http_server_netconn_thread  httpserver-netconn.o
    0x08002fe0   0x08002fe0   0x00000008   Code   RO         6160    i.icmp_dest_unreach  icmp.o
    0x08002fe8   0x08002fe8   0x000001e4   Code   RO         6161    i.icmp_input        icmp.o
    0x080031cc   0x080031cc   0x0000010c   Code   RO         6162    i.icmp_send_response  icmp.o
    0x080032d8   0x080032d8   0x00000008   Code   RO         6163    i.icmp_time_exceeded  icmp.o
    0x080032e0   0x080032e0   0x0000000c   Code   RO         7712    i.inHandlerMode     cmsis_os.o
    0x080032ec   0x080032ec   0x0000002e   Code   RO         6275    i.ip4_addr_isbroadcast_u32  ip4_addr.o
    0x0800331a   0x0800331a   0x00000002   PAD
    0x0800331c   0x0800331c   0x00000254   Code   RO         6341    i.ip4_frag          ip4_frag.o
    0x08003570   0x08003570   0x000001a4   Code   RO         6222    i.ip4_input         ip4.o
    0x08003714   0x08003714   0x0000001e   Code   RO         6224    i.ip4_output_if     ip4.o
    0x08003732   0x08003732   0x00000002   PAD
    0x08003734   0x08003734   0x0000016c   Code   RO         6225    i.ip4_output_if_src  ip4.o
    0x080038a0   0x080038a0   0x000001b4   Code   RO         6342    i.ip4_reass         ip4_frag.o
    0x08003a54   0x08003a54   0x0000005c   Code   RO         6226    i.ip4_route         ip4.o
    0x08003ab0   0x08003ab0   0x00000090   Code   RO         6343    i.ip_frag_free_pbuf_custom_ref  ip4_frag.o
    0x08003b40   0x08003b40   0x00000260   Code   RO         6344    i.ip_reass_chain_frag_into_datagram_and_validate  ip4_frag.o
    0x08003da0   0x08003da0   0x000000bc   Code   RO         6345    i.ip_reass_dequeue_datagram  ip4_frag.o
    0x08003e5c   0x08003e5c   0x00000190   Code   RO         6346    i.ip_reass_free_complete_datagram  ip4_frag.o
    0x08003fec   0x08003fec   0x00000080   Code   RO         6347    i.ip_reass_remove_oldest_datagram  ip4_frag.o
    0x0800406c   0x0800406c   0x0000002c   Code   RO         6348    i.ip_reass_tmr      ip4_frag.o
    0x08004098   0x08004098   0x00000098   Code   RO         6349    i.ipfrag_free_pbuf_custom  ip4_frag.o
    0x08004130   0x08004130   0x00000124   Code   RO          448    i.low_level_init    ethernetif.o
    0x08004254   0x08004254   0x000000bc   Code   RO          449    i.low_level_input   ethernetif.o
    0x08004310   0x08004310   0x000000a8   Code   RO          450    i.low_level_output  ethernetif.o
    0x080043b8   0x080043b8   0x00000004   Code   RO         4556    i.lwip_htonl        def.o
    0x080043bc   0x080043bc   0x00000004   Code   RO         4557    i.lwip_htons        def.o
    0x080043c0   0x080043c0   0x00000022   Code   RO         4702    i.lwip_init         init.o
    0x080043e2   0x080043e2   0x00000060   Code   RO         3878    i.lwip_netconn_do_bind  api_msg.o
    0x08004442   0x08004442   0x00000002   PAD
    0x08004444   0x08004444   0x0000015c   Code   RO         3879    i.lwip_netconn_do_close  api_msg.o
    0x080045a0   0x080045a0   0x000002d8   Code   RO         3880    i.lwip_netconn_do_close_internal  api_msg.o
    0x08004878   0x08004878   0x000001bc   Code   RO         3883    i.lwip_netconn_do_delconn  api_msg.o
    0x08004a34   0x08004a34   0x000000e0   Code   RO         3886    i.lwip_netconn_do_listen  api_msg.o
    0x08004b14   0x08004b14   0x0000003c   Code   RO         3887    i.lwip_netconn_do_newconn  api_msg.o
    0x08004b50   0x08004b50   0x00000060   Code   RO         3888    i.lwip_netconn_do_recv  api_msg.o
    0x08004bb0   0x08004bb0   0x00000178   Code   RO         3890    i.lwip_netconn_do_write  api_msg.o
    0x08004d28   0x08004d28   0x000002dc   Code   RO         3891    i.lwip_netconn_do_writemore  api_msg.o
    0x08005004   0x08005004   0x00000034   Code   RO           18    i.main              main.o
    0x08005038   0x08005038   0x0000000c   Code   RO         7714    i.makeFreeRtosPriority  cmsis_os.o
    0x08005044   0x08005044   0x00000138   Code   RO         4777    i.mem_free          mem.o
    0x0800517c   0x0800517c   0x000000c4   Code   RO         4778    i.mem_init          mem.o
    0x08005240   0x08005240   0x00000210   Code   RO         4779    i.mem_malloc        mem.o
    0x08005450   0x08005450   0x000001a0   Code   RO         4780    i.mem_trim          mem.o
    0x080055f0   0x080055f0   0x0000009c   Code   RO         4845    i.memp_free         memp.o
    0x0800568c   0x0800568c   0x00000020   Code   RO         4847    i.memp_init         memp.o
    0x080056ac   0x080056ac   0x0000002a   Code   RO         4848    i.memp_init_pool    memp.o
    0x080056d6   0x080056d6   0x00000002   PAD
    0x080056d8   0x080056d8   0x000000a4   Code   RO         4849    i.memp_malloc       memp.o
    0x0800577c   0x0800577c   0x000000fc   Code   RO         4109    i.netbuf_data       netbuf.o
    0x08005878   0x08005878   0x00000022   Code   RO         4110    i.netbuf_delete     netbuf.o
    0x0800589a   0x0800589a   0x00000002   PAD
    0x0800589c   0x0800589c   0x00000138   Code   RO         3699    i.netconn_accept    api_lib.o
    0x080059d4   0x080059d4   0x00000104   Code   RO         3892    i.netconn_alloc     api_msg.o
    0x08005ad8   0x08005ad8   0x00000016   Code   RO         3700    i.netconn_apimsg    api_lib.o
    0x08005aee   0x08005aee   0x00000002   PAD
    0x08005af0   0x08005af0   0x000000b4   Code   RO         3701    i.netconn_bind      api_lib.o
    0x08005ba4   0x08005ba4   0x00000006   Code   RO         3702    i.netconn_close     api_lib.o
    0x08005baa   0x08005baa   0x00000002   PAD
    0x08005bac   0x08005bac   0x000000b0   Code   RO         3703    i.netconn_close_shutdown  api_lib.o
    0x08005c5c   0x08005c5c   0x0000002c   Code   RO         3705    i.netconn_delete    api_lib.o
    0x08005c88   0x08005c88   0x000000a0   Code   RO         3893    i.netconn_drain     api_msg.o
    0x08005d28   0x08005d28   0x0000016c   Code   RO         3894    i.netconn_free      api_msg.o
    0x08005e94   0x08005e94   0x000000a8   Code   RO         3708    i.netconn_listen_with_backlog  api_lib.o
    0x08005f3c   0x08005f3c   0x00000178   Code   RO         3709    i.netconn_new_with_proto_and_callback  api_lib.o
    0x080060b4   0x080060b4   0x00000138   Code   RO         3710    i.netconn_recv      api_lib.o
    0x080061ec   0x080061ec   0x000001dc   Code   RO         3711    i.netconn_recv_data  api_lib.o
    0x080063c8   0x080063c8   0x00000120   Code   RO         3716    i.netconn_write_partly  api_lib.o
    0x080064e8   0x080064e8   0x000000e0   Code   RO         4987    i.netif_add         netif.o
    0x080065c8   0x080065c8   0x00000002   Code   RO         4989    i.netif_init        netif.o
    0x080065ca   0x080065ca   0x0000001a   Code   RO         4991    i.netif_issue_reports  netif.o
    0x080065e4   0x080065e4   0x00000048   Code   RO         4993    i.netif_set_addr    netif.o
    0x0800662c   0x0800662c   0x0000000c   Code   RO         4994    i.netif_set_default  netif.o
    0x08006638   0x08006638   0x0000001a   Code   RO         4995    i.netif_set_down    netif.o
    0x08006652   0x08006652   0x00000008   Code   RO         4996    i.netif_set_gw      netif.o
    0x0800665a   0x0800665a   0x00000002   PAD
    0x0800665c   0x0800665c   0x00000040   Code   RO         4997    i.netif_set_ipaddr  netif.o
    0x0800669c   0x0800669c   0x00000008   Code   RO         5000    i.netif_set_netmask  netif.o
    0x080066a4   0x080066a4   0x0000001c   Code   RO         5001    i.netif_set_up      netif.o
    0x080066c0   0x080066c0   0x0000000a   Code   RO         7719    i.osKernelStart     cmsis_os.o
    0x080066ca   0x080066ca   0x00000018   Code   RO         7720    i.osKernelSysTick   cmsis_os.o
    0x080066e2   0x080066e2   0x00000026   Code   RO         7728    i.osMessageCreate   cmsis_os.o
    0x08006708   0x08006708   0x00000018   Code   RO         7729    i.osMessageDelete   cmsis_os.o
    0x08006720   0x08006720   0x00000094   Code   RO         7730    i.osMessageGet      cmsis_os.o
    0x080067b4   0x080067b4   0x0000005c   Code   RO         7732    i.osMessagePut      cmsis_os.o
    0x08006810   0x08006810   0x0000001e   Code   RO         7733    i.osMessageWaiting  cmsis_os.o
    0x0800682e   0x0800682e   0x00000010   Code   RO         7734    i.osMutexCreate     cmsis_os.o
    0x0800683e   0x0800683e   0x00000002   PAD
    0x08006840   0x08006840   0x00000050   Code   RO         7736    i.osMutexRelease    cmsis_os.o
    0x08006890   0x08006890   0x00000064   Code   RO         7737    i.osMutexWait       cmsis_os.o
    0x080068f4   0x080068f4   0x0000003e   Code   RO         7745    i.osSemaphoreCreate  cmsis_os.o
    0x08006932   0x08006932   0x00000018   Code   RO         7746    i.osSemaphoreDelete  cmsis_os.o
    0x0800694a   0x0800694a   0x00000002   PAD
    0x0800694c   0x0800694c   0x00000050   Code   RO         7748    i.osSemaphoreRelease  cmsis_os.o
    0x0800699c   0x0800699c   0x00000064   Code   RO         7749    i.osSemaphoreWait   cmsis_os.o
    0x08006a00   0x08006a00   0x00000054   Code   RO         7753    i.osThreadCreate    cmsis_os.o
    0x08006a54   0x08006a54   0x0000000a   Code   RO         7762    i.osThreadTerminate  cmsis_os.o
    0x08006a5e   0x08006a5e   0x00000002   PAD
    0x08006a60   0x08006a60   0x00000370   Code   RO         5115    i.pbuf_alloc        pbuf.o
    0x08006dd0   0x08006dd0   0x000000e0   Code   RO         5116    i.pbuf_alloced_custom  pbuf.o
    0x08006eb0   0x08006eb0   0x00000130   Code   RO         5117    i.pbuf_cat          pbuf.o
    0x08006fe0   0x08006fe0   0x00000012   Code   RO         5119    i.pbuf_clen         pbuf.o
    0x08006ff2   0x08006ff2   0x00000002   PAD
    0x08006ff4   0x08006ff4   0x000001ec   Code   RO         5121    i.pbuf_copy         pbuf.o
    0x080071e0   0x080071e0   0x0000011c   Code   RO         5122    i.pbuf_copy_partial  pbuf.o
    0x080072fc   0x080072fc   0x00000178   Code   RO         5124    i.pbuf_free         pbuf.o
    0x08007474   0x08007474   0x00000034   Code   RO         5125    i.pbuf_free_ooseq_callback  pbuf.o
    0x080074a8   0x080074a8   0x00000006   Code   RO         5127    i.pbuf_header       pbuf.o
    0x080074ae   0x080074ae   0x00000006   Code   RO         5128    i.pbuf_header_force  pbuf.o
    0x080074b4   0x080074b4   0x00000124   Code   RO         5129    i.pbuf_header_impl  pbuf.o
    0x080075d8   0x080075d8   0x00000040   Code   RO         5132    i.pbuf_pool_is_empty  pbuf.o
    0x08007618   0x08007618   0x00000198   Code   RO         5134    i.pbuf_realloc      pbuf.o
    0x080077b0   0x080077b0   0x0000009c   Code   RO         5135    i.pbuf_ref          pbuf.o
    0x0800784c   0x0800784c   0x000000f8   Code   RO         3895    i.pcb_new           api_msg.o
    0x08007944   0x08007944   0x0000017c   Code   RO         4781    i.plug_holes        mem.o
    0x08007ac0   0x08007ac0   0x000000e0   Code   RO         3896    i.poll_tcp          api_msg.o
    0x08007ba0   0x08007ba0   0x00000070   Code   RO         7411    i.prvAddCurrentTaskToDelayedList  tasks.o
    0x08007c10   0x08007c10   0x000000d0   Code   RO         7412    i.prvAddNewTaskToReadyList  tasks.o
    0x08007ce0   0x08007ce0   0x00000026   Code   RO         7096    i.prvCopyDataFromQueue  queue.o
    0x08007d06   0x08007d06   0x0000006c   Code   RO         7097    i.prvCopyDataToQueue  queue.o
    0x08007d72   0x08007d72   0x00000034   Code   RO         7413    i.prvDeleteTCB      tasks.o
    0x08007da6   0x08007da6   0x00000002   PAD
    0x08007da8   0x08007da8   0x0000004c   Code   RO         8081    i.prvHeapInit       heap_4.o
    0x08007df4   0x08007df4   0x00000060   Code   RO         7414    i.prvIdleTask       tasks.o
    0x08007e54   0x08007e54   0x00000016   Code   RO         7098    i.prvInitialiseMutex  queue.o
    0x08007e6a   0x08007e6a   0x00000016   Code   RO         7099    i.prvInitialiseNewQueue  queue.o
    0x08007e80   0x08007e80   0x0000008e   Code   RO         7415    i.prvInitialiseNewTask  tasks.o
    0x08007f0e   0x08007f0e   0x00000002   PAD
    0x08007f10   0x08007f10   0x0000004c   Code   RO         8082    i.prvInsertBlockIntoFreeList  heap_4.o
    0x08007f5c   0x08007f5c   0x0000001c   Code   RO         7100    i.prvIsQueueEmpty   queue.o
    0x08007f78   0x08007f78   0x00000020   Code   RO         7416    i.prvResetNextTaskUnblockTime  tasks.o
    0x08007f98   0x08007f98   0x00000028   Code   RO         8144    i.prvTaskExitError  port.o
    0x08007fc0   0x08007fc0   0x0000006a   Code   RO         7101    i.prvUnlockQueue    queue.o
    0x0800802a   0x0800802a   0x00000002   PAD
    0x0800802c   0x0800802c   0x000000d8   Code   RO         8083    i.pvPortMalloc      heap_4.o
    0x08008104   0x08008104   0x00000018   Code   RO         7418    i.pvTaskIncrementMutexHeldCount  tasks.o
    0x0800811c   0x0800811c   0x0000002c   Code   RO         8145    i.pxPortInitialiseStack  port.o
    0x08008148   0x08008148   0x00000168   Code   RO         3897    i.recv_tcp          api_msg.o
    0x080082b0   0x080082b0   0x00000164   Code   RO         3898    i.recv_udp          api_msg.o
    0x08008414   0x08008414   0x000000d4   Code   RO         3899    i.sent_tcp          api_msg.o
    0x080084e8   0x080084e8   0x00000044   Code   RO         3900    i.setup_tcp         api_msg.o
    0x0800852c   0x0800852c   0x00000044   Code   RO         6595    i.sys_arch_mbox_fetch  sys_arch.o
    0x08008570   0x08008570   0x00000022   Code   RO         6596    i.sys_arch_mbox_tryfetch  sys_arch.o
    0x08008592   0x08008592   0x00000002   PAD
    0x08008594   0x08008594   0x00000018   Code   RO         6597    i.sys_arch_protect  sys_arch.o
    0x080085ac   0x080085ac   0x00000038   Code   RO         6598    i.sys_arch_sem_wait  sys_arch.o
    0x080085e4   0x080085e4   0x0000000c   Code   RO         6599    i.sys_arch_unprotect  sys_arch.o
    0x080085f0   0x080085f0   0x00000058   Code   RO         5833    i.sys_check_timeouts  timeouts.o
    0x08008648   0x08008648   0x00000018   Code   RO         6600    i.sys_init          sys_arch.o
    0x08008660   0x08008660   0x00000014   Code   RO         6601    i.sys_mbox_free     sys_arch.o
    0x08008674   0x08008674   0x0000002c   Code   RO         6602    i.sys_mbox_new      sys_arch.o
    0x080086a0   0x080086a0   0x0000001a   Code   RO         6603    i.sys_mbox_post     sys_arch.o
    0x080086ba   0x080086ba   0x00000006   Code   RO         6604    i.sys_mbox_set_invalid  sys_arch.o
    0x080086c0   0x080086c0   0x00000014   Code   RO         6605    i.sys_mbox_trypost  sys_arch.o
    0x080086d4   0x080086d4   0x0000000a   Code   RO         6606    i.sys_mbox_valid    sys_arch.o
    0x080086de   0x080086de   0x0000000a   Code   RO         6608    i.sys_mutex_lock    sys_arch.o
    0x080086e8   0x080086e8   0x0000001e   Code   RO         6609    i.sys_mutex_new     sys_arch.o
    0x08008706   0x08008706   0x00000006   Code   RO         6610    i.sys_mutex_unlock  sys_arch.o
    0x0800870c   0x0800870c   0x00000004   Code   RO          452    i.sys_now           ethernetif.o
    0x08008710   0x08008710   0x00000006   Code   RO         6611    i.sys_sem_free      sys_arch.o
    0x08008716   0x08008716   0x0000002c   Code   RO         6612    i.sys_sem_new       sys_arch.o
    0x08008742   0x08008742   0x00000006   Code   RO         6613    i.sys_sem_set_invalid  sys_arch.o
    0x08008748   0x08008748   0x00000006   Code   RO         6614    i.sys_sem_signal    sys_arch.o
    0x0800874e   0x0800874e   0x0000000a   Code   RO         6615    i.sys_sem_valid     sys_arch.o
    0x08008758   0x08008758   0x00000030   Code   RO         6616    i.sys_thread_new    sys_arch.o
    0x08008788   0x08008788   0x00000140   Code   RO         5835    i.sys_timeout       timeouts.o
    0x080088c8   0x080088c8   0x00000034   Code   RO         5836    i.sys_timeouts_init  timeouts.o
    0x080088fc   0x080088fc   0x00000048   Code   RO         5837    i.sys_timeouts_mbox_fetch  timeouts.o
    0x08008944   0x08008944   0x00000174   Code   RO         5363    i.tcp_abandon       tcp.o
    0x08008ab8   0x08008ab8   0x00000006   Code   RO         5364    i.tcp_abort         tcp.o
    0x08008abe   0x08008abe   0x0000000e   Code   RO         5365    i.tcp_accept        tcp.o
    0x08008acc   0x08008acc   0x0000000e   Code   RO         5366    i.tcp_accept_null   tcp.o
    0x08008ada   0x08008ada   0x00000002   PAD
    0x08008adc   0x08008adc   0x00000100   Code   RO         5367    i.tcp_alloc         tcp.o
    0x08008bdc   0x08008bdc   0x00000008   Code   RO         5368    i.tcp_arg           tcp.o
    0x08008be4   0x08008be4   0x00000124   Code   RO         5369    i.tcp_bind          tcp.o
    0x08008d08   0x08008d08   0x00000014   Code   RO         5370    i.tcp_close         tcp.o
    0x08008d1c   0x08008d1c   0x00000188   Code   RO         5371    i.tcp_close_shutdown  tcp.o
    0x08008ea4   0x08008ea4   0x000000c4   Code   RO         5372    i.tcp_close_shutdown_fin  tcp.o
    0x08008f68   0x08008f68   0x00000120   Code   RO         5722    i.tcp_create_segment  tcp_out.o
    0x08009088   0x08009088   0x00000022   Code   RO         5375    i.tcp_eff_send_mss_impl  tcp.o
    0x080090aa   0x080090aa   0x00000002   PAD
    0x080090ac   0x080090ac   0x0000020c   Code   RO         5723    i.tcp_enqueue_flags  tcp_out.o
    0x080092b8   0x080092b8   0x000000a4   Code   RO         5376    i.tcp_err           tcp.o
    0x0800935c   0x0800935c   0x0000006c   Code   RO         5377    i.tcp_fasttmr       tcp.o
    0x080093c8   0x080093c8   0x00000030   Code   RO         5638    i.tcp_getoptbyte    tcp_in.o
    0x080093f8   0x080093f8   0x00000002   Code   RO         5378    i.tcp_init          tcp.o
    0x080093fa   0x080093fa   0x00000002   PAD
    0x080093fc   0x080093fc   0x000005d0   Code   RO         5639    i.tcp_input         tcp_in.o
    0x080099cc   0x080099cc   0x00000040   Code   RO         5640    i.tcp_input_delayed_close  tcp_in.o
    0x08009a0c   0x08009a0c   0x00000052   Code   RO         5724    i.tcp_keepalive     tcp_out.o
    0x08009a5e   0x08009a5e   0x00000002   PAD
    0x08009a60   0x08009a60   0x000000bc   Code   RO         5379    i.tcp_kill_state    tcp.o
    0x08009b1c   0x08009b1c   0x000000cc   Code   RO         5380    i.tcp_listen_closed  tcp.o
    0x08009be8   0x08009be8   0x000000f4   Code   RO         5641    i.tcp_listen_input  tcp_in.o
    0x08009cdc   0x08009cdc   0x00000124   Code   RO         5382    i.tcp_listen_with_backlog_and_err  tcp.o
    0x08009e00   0x08009e00   0x0000004c   Code   RO         5383    i.tcp_netif_ip_addr_changed  tcp.o
    0x08009e4c   0x08009e4c   0x00000022   Code   RO         5384    i.tcp_netif_ip_addr_changed_pcblist  tcp.o
    0x08009e6e   0x08009e6e   0x00000006   Code   RO         5386    i.tcp_new_ip_type   tcp.o
    0x08009e74   0x08009e74   0x0000005c   Code   RO         5387    i.tcp_new_port      tcp.o
    0x08009ed0   0x08009ed0   0x00000010   Code   RO         5388    i.tcp_next_iss      tcp.o
    0x08009ee0   0x08009ee0   0x00000078   Code   RO         5642    i.tcp_oos_insert_segment  tcp_in.o
    0x08009f58   0x08009f58   0x000002cc   Code   RO         5725    i.tcp_output        tcp_out.o
    0x0800a224   0x0800a224   0x0000010c   Code   RO         5726    i.tcp_output_alloc_header  tcp_out.o
    0x0800a330   0x0800a330   0x000000a8   Code   RO         5727    i.tcp_output_segment  tcp_out.o
    0x0800a3d8   0x0800a3d8   0x00000074   Code   RO         5643    i.tcp_parseopt      tcp_in.o
    0x0800a44c   0x0800a44c   0x000000d8   Code   RO         5728    i.tcp_pbuf_prealloc  tcp_out.o
    0x0800a524   0x0800a524   0x00000042   Code   RO         5389    i.tcp_pcb_purge     tcp.o
    0x0800a566   0x0800a566   0x00000002   PAD
    0x0800a568   0x0800a568   0x00000130   Code   RO         5390    i.tcp_pcb_remove    tcp.o
    0x0800a698   0x0800a698   0x0000009c   Code   RO         5391    i.tcp_poll          tcp.o
    0x0800a734   0x0800a734   0x00000484   Code   RO         5644    i.tcp_process       tcp_in.o
    0x0800abb8   0x0800abb8   0x0000006c   Code   RO         5392    i.tcp_process_refused_data  tcp.o
    0x0800ac24   0x0800ac24   0x00000a1e   Code   RO         5645    i.tcp_receive       tcp_in.o
    0x0800b642   0x0800b642   0x00000002   PAD
    0x0800b644   0x0800b644   0x000000a4   Code   RO         5393    i.tcp_recv          tcp.o
    0x0800b6e8   0x0800b6e8   0x00000024   Code   RO         5394    i.tcp_recv_null     tcp.o
    0x0800b70c   0x0800b70c   0x00000110   Code   RO         5395    i.tcp_recved        tcp.o
    0x0800b81c   0x0800b81c   0x00000056   Code   RO         5729    i.tcp_rexmit        tcp_out.o
    0x0800b872   0x0800b872   0x00000058   Code   RO         5730    i.tcp_rexmit_fast   tcp_out.o
    0x0800b8ca   0x0800b8ca   0x00000032   Code   RO         5731    i.tcp_rexmit_rto    tcp_out.o
    0x0800b8fc   0x0800b8fc   0x00000120   Code   RO         5732    i.tcp_rst           tcp_out.o
    0x0800ba1c   0x0800ba1c   0x00000028   Code   RO         5396    i.tcp_seg_copy      tcp.o
    0x0800ba44   0x0800ba44   0x0000001c   Code   RO         5397    i.tcp_seg_free      tcp.o
    0x0800ba60   0x0800ba60   0x00000012   Code   RO         5398    i.tcp_segs_free     tcp.o
    0x0800ba72   0x0800ba72   0x00000072   Code   RO         5733    i.tcp_send_empty_ack  tcp_out.o
    0x0800bae4   0x0800bae4   0x00000044   Code   RO         5734    i.tcp_send_fin      tcp_out.o
    0x0800bb28   0x0800bb28   0x000000a0   Code   RO         5399    i.tcp_sent          tcp.o
    0x0800bbc8   0x0800bbc8   0x0000004e   Code   RO         5401    i.tcp_shutdown      tcp.o
    0x0800bc16   0x0800bc16   0x00000002   PAD
    0x0800bc18   0x0800bc18   0x000004d8   Code   RO         5402    i.tcp_slowtmr       tcp.o
    0x0800c0f0   0x0800c0f0   0x00000034   Code   RO         5839    i.tcp_timer_needed  timeouts.o
    0x0800c124   0x0800c124   0x00000068   Code   RO         5646    i.tcp_timewait_input  tcp_in.o
    0x0800c18c   0x0800c18c   0x00000020   Code   RO         5403    i.tcp_tmr           tcp.o
    0x0800c1ac   0x0800c1ac   0x00000010   Code   RO         5647    i.tcp_trigger_input_pcb_close  tcp_in.o
    0x0800c1bc   0x0800c1bc   0x000000c0   Code   RO         5405    i.tcp_update_rcv_ann_wnd  tcp.o
    0x0800c27c   0x0800c27c   0x00000680   Code   RO         5735    i.tcp_write         tcp_out.o
    0x0800c8fc   0x0800c8fc   0x00000140   Code   RO         5736    i.tcp_write_checks  tcp_out.o
    0x0800ca3c   0x0800ca3c   0x000000b4   Code   RO         5737    i.tcp_zero_window_probe  tcp_out.o
    0x0800caf0   0x0800caf0   0x000000cc   Code   RO         4453    i.tcpip_callback_with_block  tcpip.o
    0x0800cbbc   0x0800cbbc   0x00000110   Code   RO         4456    i.tcpip_init        tcpip.o
    0x0800cccc   0x0800cccc   0x000000c0   Code   RO         4457    i.tcpip_inpkt       tcpip.o
    0x0800cd8c   0x0800cd8c   0x0000001c   Code   RO         4458    i.tcpip_input       tcpip.o
    0x0800cda8   0x0800cda8   0x00000020   Code   RO         4459    i.tcpip_send_msg_wait_sem  tcpip.o
    0x0800cdc8   0x0800cdc8   0x00000038   Code   RO         5840    i.tcpip_tcp_timer   timeouts.o
    0x0800ce00   0x0800ce00   0x000000f8   Code   RO         4460    i.tcpip_thread      tcpip.o
    0x0800cef8   0x0800cef8   0x000000ac   Code   RO         5911    i.udp_bind          udp.o
    0x0800cfa4   0x0800cfa4   0x00000002   Code   RO         5914    i.udp_init          udp.o
    0x0800cfa6   0x0800cfa6   0x00000002   PAD
    0x0800cfa8   0x0800cfa8   0x0000019c   Code   RO         5915    i.udp_input         udp.o
    0x0800d144   0x0800d144   0x00000034   Code   RO         5916    i.udp_netif_ip_addr_changed  udp.o
    0x0800d178   0x0800d178   0x0000001a   Code   RO         5917    i.udp_new           udp.o
    0x0800d192   0x0800d192   0x00000004   Code   RO         5918    i.udp_new_ip_type   udp.o
    0x0800d196   0x0800d196   0x00000006   Code   RO         5919    i.udp_recv          udp.o
    0x0800d19c   0x0800d19c   0x00000030   Code   RO         5920    i.udp_remove        udp.o
    0x0800d1cc   0x0800d1cc   0x00000026   Code   RO         7059    i.uxListRemove      list.o
    0x0800d1f2   0x0800d1f2   0x00000024   Code   RO         7102    i.uxQueueMessagesWaiting  queue.o
    0x0800d216   0x0800d216   0x00000016   Code   RO         7103    i.uxQueueMessagesWaitingFromISR  queue.o
    0x0800d22c   0x0800d22c   0x00000014   Code   RO          338    i.vApplicationGetIdleTaskMemory  freertos.o
    0x0800d240   0x0800d240   0x00000016   Code   RO         7060    i.vListInitialise   list.o
    0x0800d256   0x0800d256   0x00000006   Code   RO         7061    i.vListInitialiseItem  list.o
    0x0800d25c   0x0800d25c   0x00000030   Code   RO         7062    i.vListInsert       list.o
    0x0800d28c   0x0800d28c   0x00000018   Code   RO         7063    i.vListInsertEnd    list.o
    0x0800d2a4   0x0800d2a4   0x00000040   Code   RO         8147    i.vPortEnterCritical  port.o
    0x0800d2e4   0x0800d2e4   0x00000028   Code   RO         8148    i.vPortExitCritical  port.o
    0x0800d30c   0x0800d30c   0x0000005c   Code   RO         8084    i.vPortFree         heap_4.o
    0x0800d368   0x0800d368   0x00000024   Code   RO         8149    i.vPortSetupTimerInterrupt  port.o
    0x0800d38c   0x0800d38c   0x00000054   Code   RO         8150    i.vPortValidateInterruptPriority  port.o
    0x0800d3e0   0x0800d3e0   0x0000002e   Code   RO         7106    i.vQueueDelete      queue.o
    0x0800d40e   0x0800d40e   0x00000002   PAD
    0x0800d410   0x0800d410   0x00000028   Code   RO         7107    i.vQueueUnregisterQueue  queue.o
    0x0800d438   0x0800d438   0x000000ac   Code   RO         7425    i.vTaskDelete       tasks.o
    0x0800d4e4   0x0800d4e4   0x00000010   Code   RO         7427    i.vTaskInternalSetTimeOutState  tasks.o
    0x0800d4f4   0x0800d4f4   0x0000000c   Code   RO         7428    i.vTaskMissedYield  tasks.o
    0x0800d500   0x0800d500   0x00000030   Code   RO         7430    i.vTaskPlaceOnEventList  tasks.o
    0x0800d530   0x0800d530   0x000000a8   Code   RO         7432    i.vTaskPriorityDisinheritAfterTimeout  tasks.o
    0x0800d5d8   0x0800d5d8   0x0000006c   Code   RO         7437    i.vTaskStartScheduler  tasks.o
    0x0800d644   0x0800d644   0x00000010   Code   RO         7439    i.vTaskSuspendAll   tasks.o
    0x0800d654   0x0800d654   0x0000005c   Code   RO         7440    i.vTaskSwitchContext  tasks.o
    0x0800d6b0   0x0800d6b0   0x000000f4   Code   RO         8151    i.xPortStartScheduler  port.o
    0x0800d7a4   0x0800d7a4   0x00000016   Code   RO         7108    i.xQueueCreateMutex  queue.o
    0x0800d7ba   0x0800d7ba   0x0000001a   Code   RO         7109    i.xQueueCreateMutexStatic  queue.o
    0x0800d7d4   0x0800d7d4   0x00000048   Code   RO         7110    i.xQueueGenericCreate  queue.o
    0x0800d81c   0x0800d81c   0x00000066   Code   RO         7111    i.xQueueGenericCreateStatic  queue.o
    0x0800d882   0x0800d882   0x00000002   PAD
    0x0800d884   0x0800d884   0x00000088   Code   RO         7112    i.xQueueGenericReset  queue.o
    0x0800d90c   0x0800d90c   0x00000160   Code   RO         7113    i.xQueueGenericSend  queue.o
    0x0800da6c   0x0800da6c   0x000000bc   Code   RO         7114    i.xQueueGenericSendFromISR  queue.o
    0x0800db28   0x0800db28   0x0000009c   Code   RO         7115    i.xQueueGiveFromISR  queue.o
    0x0800dbc4   0x0800dbc4   0x00000138   Code   RO         7120    i.xQueueReceive     queue.o
    0x0800dcfc   0x0800dcfc   0x0000009a   Code   RO         7121    i.xQueueReceiveFromISR  queue.o
    0x0800dd96   0x0800dd96   0x00000002   PAD
    0x0800dd98   0x0800dd98   0x00000178   Code   RO         7122    i.xQueueSemaphoreTake  queue.o
    0x0800df10   0x0800df10   0x00000074   Code   RO         7441    i.xTaskCheckForTimeOut  tasks.o
    0x0800df84   0x0800df84   0x0000005a   Code   RO         7442    i.xTaskCreate       tasks.o
    0x0800dfde   0x0800dfde   0x00000056   Code   RO         7443    i.xTaskCreateStatic  tasks.o
    0x0800e034   0x0800e034   0x0000001c   Code   RO         7447    i.xTaskGetSchedulerState  tasks.o
    0x0800e050   0x0800e050   0x0000000c   Code   RO         7448    i.xTaskGetTickCount  tasks.o
    0x0800e05c   0x0800e05c   0x00000010   Code   RO         7449    i.xTaskGetTickCountFromISR  tasks.o
    0x0800e06c   0x0800e06c   0x000000c8   Code   RO         7450    i.xTaskIncrementTick  tasks.o
    0x0800e134   0x0800e134   0x00000098   Code   RO         7453    i.xTaskPriorityDisinherit  tasks.o
    0x0800e1cc   0x0800e1cc   0x00000094   Code   RO         7454    i.xTaskPriorityInherit  tasks.o
    0x0800e260   0x0800e260   0x00000074   Code   RO         7455    i.xTaskRemoveFromEventList  tasks.o
    0x0800e2d4   0x0800e2d4   0x000000c4   Code   RO         7456    i.xTaskResumeAll    tasks.o
    0x0800e398   0x0800e398   0x0000001c   Data   RO           19    .constdata          main.o
    0x0800e3b4   0x0800e3b4   0x0000001c   Data   RO          454    .constdata          ethernetif.o
    0x0800e3d0   0x0800e3d0   0x00000010   Data   RO         3069    .constdata          system_stm32f4xx.o
    0x0800e3e0   0x0800e3e0   0x00000008   Data   RO         3070    .constdata          system_stm32f4xx.o
    0x0800e3e8   0x0800e3e8   0x00000006   Data   RO         3545    .constdata          ethernet.o
    0x0800e3ee   0x0800e3ee   0x00000006   Data   RO         3546    .constdata          ethernet.o
    0x0800e3f4   0x0800e3f4   0x0000000c   Data   RO         4864    .constdata          memp.o
    0x0800e400   0x0800e400   0x0000000c   Data   RO         4865    .constdata          memp.o
    0x0800e40c   0x0800e40c   0x0000000c   Data   RO         4866    .constdata          memp.o
    0x0800e418   0x0800e418   0x0000000c   Data   RO         4867    .constdata          memp.o
    0x0800e424   0x0800e424   0x0000000c   Data   RO         4868    .constdata          memp.o
    0x0800e430   0x0800e430   0x0000000c   Data   RO         4869    .constdata          memp.o
    0x0800e43c   0x0800e43c   0x0000000c   Data   RO         4870    .constdata          memp.o
    0x0800e448   0x0800e448   0x0000000c   Data   RO         4871    .constdata          memp.o
    0x0800e454   0x0800e454   0x0000000c   Data   RO         4872    .constdata          memp.o
    0x0800e460   0x0800e460   0x0000000c   Data   RO         4873    .constdata          memp.o
    0x0800e46c   0x0800e46c   0x0000000c   Data   RO         4874    .constdata          memp.o
    0x0800e478   0x0800e478   0x0000000c   Data   RO         4875    .constdata          memp.o
    0x0800e484   0x0800e484   0x0000000c   Data   RO         4876    .constdata          memp.o
    0x0800e490   0x0800e490   0x00000034   Data   RO         4877    .constdata          memp.o
    0x0800e4c4   0x0800e4c4   0x00000054   Data   RO         5406    .constdata          tcp.o
    0x0800e518   0x0800e518   0x00000018   Data   RO         5841    .constdata          timeouts.o
    0x0800e530   0x0800e530   0x00000004   Data   RO         6282    .constdata          ip4_addr.o
    0x0800e534   0x0800e534   0x00000018   Data   RO         6617    .constdata          sys_arch.o
    0x0800e54c   0x0800e54c   0x0000000c   Data   RO           20    .conststring        main.o
    0x0800e558   0x0800e558   0x00000006   Data   RO          455    .conststring        ethernetif.o
    0x0800e55e   0x0800e55e   0x00000002   PAD
    0x0800e560   0x0800e560   0x0000011d   Data   RO          725    .conststring        httpserver-netconn.o
    0x0800e67d   0x0800e67d   0x00000003   PAD
    0x0800e680   0x0800e680   0x00000075   Data   RO         5407    .conststring        tcp.o
    0x0800e6f5   0x0800e6f5   0x00000003   PAD
    0x0800e6f8   0x0800e6f8   0x00000055   Data   RO         5738    .conststring        tcp_out.o
    0x0800e74d   0x0800e74d   0x00000003   PAD
    0x0800e750   0x0800e750   0x00000041   Data   RO         6075    .conststring        etharp.o
    0x0800e791   0x0800e791   0x00000003   PAD
    0x0800e794   0x0800e794   0x00000020   Data   RO         8796    Region$$Table       anon$$obj.o


    Execution Region RW_IRAM1 (Exec base: 0x20000000, Load base: 0x0800e7b4, Size: 0x0002c530, Max: 0x00030000, ABSOLUTE, COMPRESSED[0x00000018])

    Exec Addr    Load Addr    Size         Type   Attr      Idx    E Section Name        Object

    0x20000000   COMPRESSED   0x00000004   Data   RW           21    .data               main.o
    0x20000004   COMPRESSED   0x00000004   Data   RW          456    .data               ethernetif.o
    0x20000008   COMPRESSED   0x0000000c   Data   RW         1898    .data               stm32f4xx_hal.o
    0x20000014   COMPRESSED   0x00000004   Data   RW         3071    .data               system_stm32f4xx.o
    0x20000018   COMPRESSED   0x00000001   Data   RW         3901    .data               api_msg.o
    0x20000019   COMPRESSED   0x00000003   PAD
    0x2000001c   COMPRESSED   0x00000010   Data   RW         4462    .data               tcpip.o
    0x2000002c   COMPRESSED   0x00000010   Data   RW         4783    .data               mem.o
    0x2000003c   COMPRESSED   0x00000004   Data   RW         4878    .data               memp.o
    0x20000040   COMPRESSED   0x00000004   Data   RW         4879    .data               memp.o
    0x20000044   COMPRESSED   0x00000004   Data   RW         4880    .data               memp.o
    0x20000048   COMPRESSED   0x00000004   Data   RW         4881    .data               memp.o
    0x2000004c   COMPRESSED   0x00000004   Data   RW         4882    .data               memp.o
    0x20000050   COMPRESSED   0x00000004   Data   RW         4883    .data               memp.o
    0x20000054   COMPRESSED   0x00000004   Data   RW         4884    .data               memp.o
    0x20000058   COMPRESSED   0x00000004   Data   RW         4885    .data               memp.o
    0x2000005c   COMPRESSED   0x00000004   Data   RW         4886    .data               memp.o
    0x20000060   COMPRESSED   0x00000004   Data   RW         4887    .data               memp.o
    0x20000064   COMPRESSED   0x00000004   Data   RW         4888    .data               memp.o
    0x20000068   COMPRESSED   0x00000004   Data   RW         4889    .data               memp.o
    0x2000006c   COMPRESSED   0x00000004   Data   RW         4890    .data               memp.o
    0x20000070   COMPRESSED   0x0000000c   Data   RW         5002    .data               netif.o
    0x2000007c   COMPRESSED   0x00000001   Data   RW         5142    .data               pbuf.o
    0x2000007d   COMPRESSED   0x00000003   PAD
    0x20000080   COMPRESSED   0x00000020   Data   RW         5408    .data               tcp.o
    0x200000a0   COMPRESSED   0x00000024   Data   RW         5649    .data               tcp_in.o
    0x200000c4   COMPRESSED   0x0000000c   Data   RW         5842    .data               timeouts.o
    0x200000d0   COMPRESSED   0x00000008   Data   RW         5925    .data               udp.o
    0x200000d8   COMPRESSED   0x00000001   Data   RW         6076    .data               etharp.o
    0x200000d9   COMPRESSED   0x00000001   PAD
    0x200000da   COMPRESSED   0x00000002   Data   RW         6227    .data               ip4.o
    0x200000dc   COMPRESSED   0x00000008   Data   RW         6350    .data               ip4_frag.o
    0x200000e4   COMPRESSED   0x00000004   Data   RW         6619    .data               sys_arch.o
    0x200000e8   COMPRESSED   0x0000003c   Data   RW         7459    .data               tasks.o
    0x20000124   COMPRESSED   0x00000018   Data   RW         8089    .data               heap_4.o
    0x2000013c   COMPRESSED   0x0000000c   Data   RW         8152    .data               port.o
    0x20000148   COMPRESSED   0x00000004   Data   RW         8476    .data               mc_w.l(stdout.o)
    0x2000014c   COMPRESSED   0x00000004   Data   RW         8477    .data               mc_w.l(stderr.o)
    0x20000150        -       0x00000254   Zero   RW          339    .bss                freertos.o
    0x200003a4        -       0x00000030   Zero   RW          377    .bss                lwip.o
    0x200003d4        -       0x000030e8   Zero   RW          453    .bss                ethernetif.o
    0x200034bc        -       0x00000040   Zero   RW          653    .bss                stm32f4xx_hal_timebase_tim.o
    0x200034fc        -       0x00000018   Zero   RW         4752    .bss                ip.o
    0x20003514        -       0x00000653   Zero   RW         4782    .bss                mem.o
    0x20003b67        -       0x00000083   Zero   RW         4851    .bss                memp.o
    0x20003bea        -       0x000002fb   Zero   RW         4852    .bss                memp.o
    0x20003ee5        -       0x000000e3   Zero   RW         4853    .bss                memp.o
    0x20003fc8        -       0x00000183   Zero   RW         4854    .bss                memp.o
    0x2000414b        -       0x000000a3   Zero   RW         4855    .bss                memp.o
    0x200041ee        -       0x0000016b   Zero   RW         4856    .bss                memp.o
    0x20004359        -       0x00000023   Zero   RW         4857    .bss                memp.o
    0x2000437c        -       0x000000b3   Zero   RW         4858    .bss                memp.o
    0x2000442f        -       0x00000083   Zero   RW         4859    .bss                memp.o
    0x200044b2        -       0x00000083   Zero   RW         4860    .bss                memp.o
    0x20004535        -       0x00000033   Zero   RW         4861    .bss                memp.o
    0x20004568        -       0x00000103   Zero   RW         4862    .bss                memp.o
    0x2000466b        -       0x00002143   Zero   RW         4863    .bss                memp.o
    0x200067ae   COMPRESSED   0x00000002   PAD
    0x200067b0        -       0x00000010   Zero   RW         5648    .bss                tcp_in.o
    0x200067c0        -       0x000000f0   Zero   RW         6074    .bss                etharp.o
    0x200068b0        -       0x00000040   Zero   RW         7123    .bss                queue.o
    0x200068f0        -       0x000000f0   Zero   RW         7458    .bss                tasks.o
    0x200069e0        -       0x00021b4c   Zero   RW         8088    .bss                heap_4.o
    0x2002852c   COMPRESSED   0x00000004   PAD
    0x20028530        -       0x00004000   Zero   RW            1    STACK               startup_stm32f429xx.o


==============================================================================

Image component sizes


      Code (inc. data)   RO Data    RW Data    ZI Data      Debug   Object Name

      2360       1296          0          0          0      33706   api_lib.o
      6048       2354          0          1          0      35372   api_msg.o
         0          0          0          0          0       3439   app_ethernet.o
         0          0          0          0          0       1608   auth.o
       946         30          0          0          0      38132   cmsis_os.o
         8          0          0          0          0       1098   def.o
         0          0          0          0          0       2304   err.o
      2908       1172         65          1        240      12611   etharp.o
       408        156         12          0          0       2670   ethernet.o
      1124        158         34          4      12520       6996   ethernetif.o
         0          0          0          0          0      16636   event_groups.o
        20          4          0          0        596       1192   freertos.o
       460         28          0         24     138060       7283   heap_4.o
       192         26        285          0          0      13455   httpserver-netconn.o
       768        350          0          0          0       4342   icmp.o
        34          0          0          0          0        572   init.o
         0          0          0          0         24       3038   ip.o
       906        180          0          2          0       5040   ip4.o
        46          0          4          0          0       6942   ip4_addr.o
      2696       1024          0          8          0      11446   ip4_frag.o
       138          0          0          0          0       3510   list.o
         0          0          0          0         48       5882   lwip.o
       392         52         40          4          0     826057   main.o
      1832        918          0         16       1619       5889   mem.o
       746        500        208         52      11335      10968   memp.o
       286        180          0          0          0       1878   netbuf.o
       470        132          0         12          0       9621   netif.o
      3562       1838          0          1          0      22131   pbuf.o
       786         82          0         12          0      11873   port.o
      2364         22          0          0         64      23726   queue.o
        68         14          0          0          0       3539   retarget_io.o
         0          0          0          0          0       5072   slipif.o
        36          8        428          0      16384        832   startup_stm32f429xx.o
       116         18          0         12          0       8822   stm32f4xx_hal.o
       158         14          0          0          0      33126   stm32f4xx_hal_cortex.o
      2008         72          0          0          0      13008   stm32f4xx_hal_eth.o
       468         54          0          0          0       1744   stm32f4xx_hal_gpio.o
        56          4          0          0          0        826   stm32f4xx_hal_msp.o
       112         14          0          0          0       1276   stm32f4xx_hal_pwr_ex.o
      1376         86          0          0          0       5734   stm32f4xx_hal_rcc.o
       656         44          0          0          0       7196   stm32f4xx_hal_tim.o
         4          0          0          0          0       1585   stm32f4xx_hal_tim_ex.o
       116         16          0          0         64       1379   stm32f4xx_hal_timebase_tim.o
        36         12          0          0          0       3621   stm32f4xx_it.o
         0          0          0          0          0        392   stream_buffer.o
       510         24         24          4          0      29796   sys_arch.o
        28          6         24          4          0       1115   system_stm32f4xx.o
      2458        186          0         60        240      25935   tasks.o
      5680       2338        201         32          0      38047   tcp.o
      5946       1226          0         36         16      20443   tcp_in.o
      5120       1718         85          0          0      18607   tcp_out.o
       976        544          0         16          0       7469   tcpip.o
       668        228         24         12          0       6748   timeouts.o
       722        136          0          8          0       8312   udp.o

    ----------------------------------------------------------------------
     56886      17264       1480        328     181216    1374041   Object Totals
         0          0         32          0          0          0   (incl. Generated)
        68          0         14          7          6          0   (incl. Padding)

    ----------------------------------------------------------------------

      Code (inc. data)   RO Data    RW Data    ZI Data      Debug   Library Member Name

        58          0          0          0          0          0   __dczerorl.o
         0          0          0          0          0          0   entry.o
         0          0          0          0          0          0   entry10a.o
         0          0          0          0          0          0   entry11a.o
         8          4          0          0          0          0   entry2.o
         4          0          0          0          0          0   entry5.o
         0          0          0          0          0          0   entry7b.o
         0          0          0          0          0          0   entry8b.o
         8          4          0          0          0          0   entry9a.o
        30          0          0          0          0          0   handlers.o
        36          8          0          0          0         68   init.o
        30          0          0          0          0         68   llshl.o
        32          0          0          0          0         68   llushr.o
        26          0          0          0          0         80   memcmp.o
        36          0          0          0          0         68   memcpya.o
        36          0          0          0          0        108   memseta.o
       472         14          0          0          0        184   printf3.o
         0          0          0          4          0          0   stderr.o
         0          0          0          4          0          0   stdout.o
        30          0          0          0          0         80   strncmp.o
        44          0          0          0          0         80   uidiv.o
        98          0          0          0          0         92   uldiv.o

    ----------------------------------------------------------------------
       950         30          0          8          0        896   Library Totals
         2          0          0          0          0          0   (incl. Padding)

    ----------------------------------------------------------------------

      Code (inc. data)   RO Data    RW Data    ZI Data      Debug   Library Name

       948         30          0          8          0        896   mc_w.l

    ----------------------------------------------------------------------
       950         30          0          8          0        896   Library Totals

    ----------------------------------------------------------------------

==============================================================================


      Code (inc. data)   RO Data    RW Data    ZI Data      Debug   

     57836      17294       1480        336     181216    1339405   Grand Totals
     57836      17294       1480         24     181216    1339405   ELF Image Totals (compressed)
     57836      17294       1480         24          0          0   ROM Totals

==============================================================================

    Total RO  Size (Code + RO Data)                59316 (  57.93kB)
    Total RW  Size (RW Data + ZI Data)            181552 ( 177.30kB)
    Total ROM Size (Code + RO Data + RW Data)      59340 (  57.95kB)

==============================================================================

